Analysis & Synthesis report for MainCoffeeMachine
Wed Jun 07 18:55:18 2023
Quartus II Version 9.0 Build 235 06/17/2009 Service Pack 2 SJ Web Edition


---------------------
; Table of Contents ;
---------------------
  1. Legal Notice
  2. Analysis & Synthesis Summary
  3. Analysis & Synthesis Settings
  4. Analysis & Synthesis Source Files Read
  5. Analysis & Synthesis Resource Usage Summary
  6. Analysis & Synthesis Resource Utilization by Entity
  7. Registers Removed During Synthesis
  8. General Register Statistics
  9. Port Connectivity Checks: "Decoders:INST2|Contador:comb_4|FlipflopT:inst3"
 10. Port Connectivity Checks: "Decoders:INST2|Contador:comb_4|FlipflopT:inst2"
 11. Port Connectivity Checks: "Decoders:INST2|Contador:comb_4|FlipflopT:inst1"
 12. Analysis & Synthesis Messages
 13. Analysis & Synthesis Suppressed Messages



----------------
; Legal Notice ;
----------------
Copyright (C) 1991-2009 Altera Corporation
Your use of Altera Corporation's design tools, logic functions 
and other software and tools, and its AMPP partner logic 
functions, and any output files from any of the foregoing 
(including device programming or simulation files), and any 
associated documentation or information are expressly subject 
to the terms and conditions of the Altera Program License 
Subscription Agreement, Altera MegaCore Function License 
Agreement, or other applicable license agreement, including, 
without limitation, that your use is for the sole purpose of 
programming logic devices manufactured by Altera and sold by 
Altera or its authorized distributors.  Please refer to the 
applicable agreement for further details.



+----------------------------------------------------------------------------+
; Analysis & Synthesis Summary                                               ;
+-----------------------------+----------------------------------------------+
; Analysis & Synthesis Status ; Successful - Wed Jun 07 18:55:18 2023        ;
; Quartus II Version          ; 9.0 Build 235 06/17/2009 SP 2 SJ Web Edition ;
; Revision Name               ; MainCoffeeMachine                            ;
; Top-level Entity Name       ; MainCoffeeMachine                            ;
; Family                      ; MAX II                                       ;
; Total logic elements        ; 55                                           ;
; Total pins                  ; 28                                           ;
; Total virtual pins          ; 0                                            ;
; UFM blocks                  ; 0 / 1 ( 0 % )                                ;
+-----------------------------+----------------------------------------------+


+--------------------------------------------------------------------------------------------------------+
; Analysis & Synthesis Settings                                                                          ;
+--------------------------------------------------------------+--------------------+--------------------+
; Option                                                       ; Setting            ; Default Value      ;
+--------------------------------------------------------------+--------------------+--------------------+
; Device                                                       ; EPM240T100C5       ;                    ;
; Top-level entity name                                        ; MainCoffeeMachine  ; MainCoffeeMachine  ;
; Family name                                                  ; MAX II             ; Stratix II         ;
; Type of Retiming Performed During Resynthesis                ; Full               ;                    ;
; Resynthesis Optimization Effort                              ; Normal             ;                    ;
; Physical Synthesis Level for Resynthesis                     ; Normal             ;                    ;
; Use Generated Physical Constraints File                      ; On                 ;                    ;
; Use smart compilation                                        ; Off                ; Off                ;
; Restructure Multiplexers                                     ; Auto               ; Auto               ;
; Create Debugging Nodes for IP Cores                          ; Off                ; Off                ;
; Preserve fewer node names                                    ; On                 ; On                 ;
; Disable OpenCore Plus hardware evaluation                    ; Off                ; Off                ;
; Verilog Version                                              ; Verilog_2001       ; Verilog_2001       ;
; VHDL Version                                                 ; VHDL93             ; VHDL93             ;
; State Machine Processing                                     ; Auto               ; Auto               ;
; Safe State Machine                                           ; Off                ; Off                ;
; Extract Verilog State Machines                               ; On                 ; On                 ;
; Extract VHDL State Machines                                  ; On                 ; On                 ;
; Ignore Verilog initial constructs                            ; Off                ; Off                ;
; Iteration limit for constant Verilog loops                   ; 5000               ; 5000               ;
; Iteration limit for non-constant Verilog loops               ; 250                ; 250                ;
; Add Pass-Through Logic to Inferred RAMs                      ; On                 ; On                 ;
; Parallel Synthesis                                           ; Off                ; Off                ;
; NOT Gate Push-Back                                           ; On                 ; On                 ;
; Power-Up Don't Care                                          ; On                 ; On                 ;
; Remove Redundant Logic Cells                                 ; Off                ; Off                ;
; Remove Duplicate Registers                                   ; On                 ; On                 ;
; Ignore CARRY Buffers                                         ; Off                ; Off                ;
; Ignore CASCADE Buffers                                       ; Off                ; Off                ;
; Ignore GLOBAL Buffers                                        ; Off                ; Off                ;
; Ignore ROW GLOBAL Buffers                                    ; Off                ; Off                ;
; Ignore LCELL Buffers                                         ; Off                ; Off                ;
; Ignore SOFT Buffers                                          ; On                 ; On                 ;
; Limit AHDL Integers to 32 Bits                               ; Off                ; Off                ;
; Optimization Technique                                       ; Balanced           ; Balanced           ;
; Carry Chain Length                                           ; 70                 ; 70                 ;
; Auto Carry Chains                                            ; On                 ; On                 ;
; Auto Open-Drain Pins                                         ; On                 ; On                 ;
; Perform WYSIWYG Primitive Resynthesis                        ; Off                ; Off                ;
; Auto Shift Register Replacement                              ; Auto               ; Auto               ;
; Auto Clock Enable Replacement                                ; On                 ; On                 ;
; Allow Synchronous Control Signals                            ; On                 ; On                 ;
; Force Use of Synchronous Clear Signals                       ; Off                ; Off                ;
; Auto Resource Sharing                                        ; Off                ; Off                ;
; Use LogicLock Constraints during Resource Balancing          ; On                 ; On                 ;
; Ignore translate_off and synthesis_off directives            ; Off                ; Off                ;
; Show Parameter Settings Tables in Synthesis Report           ; On                 ; On                 ;
; Ignore Maximum Fan-Out Assignments                           ; Off                ; Off                ;
; Synchronization Register Chain Length                        ; 2                  ; 2                  ;
; PowerPlay Power Optimization                                 ; Normal compilation ; Normal compilation ;
; HDL message level                                            ; Level2             ; Level2             ;
; Suppress Register Optimization Related Messages              ; Off                ; Off                ;
; Number of Removed Registers Reported in Synthesis Report     ; 100                ; 100                ;
; Number of Inverted Registers Reported in Synthesis Report    ; 100                ; 100                ;
; Clock MUX Protection                                         ; On                 ; On                 ;
; Block Design Naming                                          ; Auto               ; Auto               ;
; Synthesis Effort                                             ; Auto               ; Auto               ;
; Shift Register Replacement - Allow Asynchronous Clear Signal ; On                 ; On                 ;
; Analysis & Synthesis Message Level                           ; Medium             ; Medium             ;
+--------------------------------------------------------------+--------------------+--------------------+


+-------------------------------------------------------------------------------------------------------------------------------------------------------------------------------+
; Analysis & Synthesis Source Files Read                                                                                                                                        ;
+----------------------------------+-----------------+------------------------+-------------------------------------------------------------------------------------------------+
; File Name with User-Entered Path ; Used in Netlist ; File Type              ; File Name with Absolute Path                                                                    ;
+----------------------------------+-----------------+------------------------+-------------------------------------------------------------------------------------------------+
; MainCoffeeMachine.v              ; yes             ; User Verilog HDL File  ; C:/Users/usuario/Desktop/Douglas/coffee-machine/protótipo/MainCoffeeMachine/MainCoffeeMachine.v ;
; MefCoffeeMachine.v               ; yes             ; User Verilog HDL File  ; C:/Users/usuario/Desktop/Douglas/coffee-machine/protótipo/MainCoffeeMachine/MefCoffeeMachine.v  ;
; FFD.v                            ; yes             ; User Verilog HDL File  ; C:/Users/usuario/Desktop/Douglas/coffee-machine/protótipo/MainCoffeeMachine/FFD.v               ;
; Decoders.v                       ; yes             ; User Verilog HDL File  ; C:/Users/usuario/Desktop/Douglas/coffee-machine/protótipo/MainCoffeeMachine/Decoders.v          ;
; Contador.v                       ; yes             ; User Verilog HDL File  ; C:/Users/usuario/Desktop/Douglas/coffee-machine/protótipo/MainCoffeeMachine/Contador.v          ;
; InterfaceS0.v                    ; yes             ; User Verilog HDL File  ; C:/Users/usuario/Desktop/Douglas/coffee-machine/protótipo/MainCoffeeMachine/InterfaceS0.v       ;
; InterfaceS1.v                    ; yes             ; User Verilog HDL File  ; C:/Users/usuario/Desktop/Douglas/coffee-machine/protótipo/MainCoffeeMachine/InterfaceS1.v       ;
; InterfaceS2.v                    ; yes             ; User Verilog HDL File  ; C:/Users/usuario/Desktop/Douglas/coffee-machine/protótipo/MainCoffeeMachine/InterfaceS2.v       ;
; InterfaceS3.v                    ; yes             ; User Verilog HDL File  ; C:/Users/usuario/Desktop/Douglas/coffee-machine/protótipo/MainCoffeeMachine/InterfaceS3.v       ;
; InterfaceERDI.v                  ; yes             ; User Verilog HDL File  ; C:/Users/usuario/Desktop/Douglas/coffee-machine/protótipo/MainCoffeeMachine/InterfaceERDI.v     ;
; InterfaceESN.v                   ; yes             ; User Verilog HDL File  ; C:/Users/usuario/Desktop/Douglas/coffee-machine/protótipo/MainCoffeeMachine/InterfaceESN.v      ;
; InterfaceESP.v                   ; yes             ; User Verilog HDL File  ; C:/Users/usuario/Desktop/Douglas/coffee-machine/protótipo/MainCoffeeMachine/InterfaceESP.v      ;
; InterfaceESR.v                   ; yes             ; User Verilog HDL File  ; C:/Users/usuario/Desktop/Douglas/coffee-machine/protótipo/MainCoffeeMachine/InterfaceESR.v      ;
; FlipflopT.v                      ; yes             ; User Verilog HDL File  ; C:/Users/usuario/Desktop/Douglas/coffee-machine/protótipo/MainCoffeeMachine/FlipflopT.v         ;
+----------------------------------+-----------------+------------------------+-------------------------------------------------------------------------------------------------+


+------------------------------------------------------------------------------+
; Analysis & Synthesis Resource Usage Summary                                  ;
+---------------------------------------------+--------------------------------+
; Resource                                    ; Usage                          ;
+---------------------------------------------+--------------------------------+
; Total logic elements                        ; 55                             ;
;     -- Combinational with no register       ; 49                             ;
;     -- Register only                        ; 0                              ;
;     -- Combinational with a register        ; 6                              ;
;                                             ;                                ;
; Logic element usage by number of LUT inputs ;                                ;
;     -- 4 input functions                    ; 37                             ;
;     -- 3 input functions                    ; 8                              ;
;     -- 2 input functions                    ; 8                              ;
;     -- 1 input functions                    ; 2                              ;
;     -- 0 input functions                    ; 0                              ;
;                                             ;                                ;
; Logic elements by mode                      ;                                ;
;     -- normal mode                          ; 55                             ;
;     -- arithmetic mode                      ; 0                              ;
;     -- qfbk mode                            ; 0                              ;
;     -- register cascade mode                ; 0                              ;
;     -- synchronous clear/load mode          ; 0                              ;
;     -- asynchronous clear/load mode         ; 0                              ;
;                                             ;                                ;
; Total registers                             ; 6                              ;
; I/O pins                                    ; 28                             ;
; Maximum fan-out node                        ; MefCoffeeMachine:INST|FFD:D1|Q ;
; Maximum fan-out                             ; 21                             ;
; Total fan-out                               ; 210                            ;
; Average fan-out                             ; 2.53                           ;
+---------------------------------------------+--------------------------------+


+--------------------------------------------------------------------------------------------------------------------------------------------------------------------------------------------------------------------------------------------------------------------+
; Analysis & Synthesis Resource Utilization by Entity                                                                                                                                                                                                                ;
+----------------------------+-------------+--------------+------------+------+--------------+--------------+-------------------+------------------+-----------------+------------+-------------------------------------------------------------------+--------------+
; Compilation Hierarchy Node ; Logic Cells ; LC Registers ; UFM Blocks ; Pins ; Virtual Pins ; LUT-Only LCs ; Register-Only LCs ; LUT/Register LCs ; Carry Chain LCs ; Packed LCs ; Full Hierarchy Name                                               ; Library Name ;
+----------------------------+-------------+--------------+------------+------+--------------+--------------+-------------------+------------------+-----------------+------------+-------------------------------------------------------------------+--------------+
; |MainCoffeeMachine         ; 55 (0)      ; 6            ; 0          ; 28   ; 0            ; 49 (0)       ; 0 (0)             ; 6 (0)            ; 0 (0)           ; 0 (0)      ; |MainCoffeeMachine                                                ; work         ;
;    |Decoders:INST2|        ; 3 (1)       ; 2            ; 0          ; 0    ; 0            ; 1 (1)        ; 0 (0)             ; 2 (0)            ; 0 (0)           ; 0 (0)      ; |MainCoffeeMachine|Decoders:INST2                                 ; work         ;
;       |Contador:comb_4|    ; 2 (0)       ; 2            ; 0          ; 0    ; 0            ; 0 (0)        ; 0 (0)             ; 2 (0)            ; 0 (0)           ; 0 (0)      ; |MainCoffeeMachine|Decoders:INST2|Contador:comb_4                 ; work         ;
;          |FlipflopT:inst1| ; 1 (1)       ; 1            ; 0          ; 0    ; 0            ; 0 (0)        ; 0 (0)             ; 1 (1)            ; 0 (0)           ; 0 (0)      ; |MainCoffeeMachine|Decoders:INST2|Contador:comb_4|FlipflopT:inst1 ; work         ;
;          |FlipflopT:inst2| ; 1 (1)       ; 1            ; 0          ; 0    ; 0            ; 0 (0)        ; 0 (0)             ; 1 (1)            ; 0 (0)           ; 0 (0)      ; |MainCoffeeMachine|Decoders:INST2|Contador:comb_4|FlipflopT:inst2 ; work         ;
;    |MefCoffeeMachine:INST| ; 52 (48)     ; 4            ; 0          ; 0    ; 0            ; 48 (48)      ; 0 (0)             ; 4 (0)            ; 0 (0)           ; 0 (0)      ; |MainCoffeeMachine|MefCoffeeMachine:INST                          ; work         ;
;       |FFD:D0|             ; 1 (1)       ; 1            ; 0          ; 0    ; 0            ; 0 (0)        ; 0 (0)             ; 1 (1)            ; 0 (0)           ; 0 (0)      ; |MainCoffeeMachine|MefCoffeeMachine:INST|FFD:D0                   ; work         ;
;       |FFD:D1|             ; 1 (1)       ; 1            ; 0          ; 0    ; 0            ; 0 (0)        ; 0 (0)             ; 1 (1)            ; 0 (0)           ; 0 (0)      ; |MainCoffeeMachine|MefCoffeeMachine:INST|FFD:D1                   ; work         ;
;       |FFD:D2|             ; 1 (1)       ; 1            ; 0          ; 0    ; 0            ; 0 (0)        ; 0 (0)             ; 1 (1)            ; 0 (0)           ; 0 (0)      ; |MainCoffeeMachine|MefCoffeeMachine:INST|FFD:D2                   ; work         ;
;       |FFD:D3|             ; 1 (1)       ; 1            ; 0          ; 0    ; 0            ; 0 (0)        ; 0 (0)             ; 1 (1)            ; 0 (0)           ; 0 (0)      ; |MainCoffeeMachine|MefCoffeeMachine:INST|FFD:D3                   ; work         ;
+----------------------------+-------------+--------------+------------+------+--------------+--------------+-------------------+------------------+-----------------+------------+-------------------------------------------------------------------+--------------+
Note: For table entries with two numbers listed, the numbers in parentheses indicate the number of resources of the given type used by the specific entity alone. The numbers listed outside of parentheses indicate the total resources of the given type used by the specific entity and all of its sub-entities in the hierarchy.


+-----------------------------------------------------------------------+
; Registers Removed During Synthesis                                    ;
+--------------------------------------------------+--------------------+
; Register name                                    ; Reason for Removal ;
+--------------------------------------------------+--------------------+
; Decoders:INST2|Contador:comb_4|FlipflopT:inst3|Q ; Lost fanout        ;
; Total Number of Removed Registers = 1            ;                    ;
+--------------------------------------------------+--------------------+


+------------------------------------------------------+
; General Register Statistics                          ;
+----------------------------------------------+-------+
; Statistic                                    ; Value ;
+----------------------------------------------+-------+
; Total registers                              ; 6     ;
; Number of registers using Synchronous Clear  ; 0     ;
; Number of registers using Synchronous Load   ; 0     ;
; Number of registers using Asynchronous Clear ; 0     ;
; Number of registers using Asynchronous Load  ; 0     ;
; Number of registers using Clock Enable       ; 0     ;
; Number of registers using Preset             ; 0     ;
+----------------------------------------------+-------+


+---------------------------------------------------------------------------------------------------------------------------------------------------------------------------------------------------------------+
; Port Connectivity Checks: "Decoders:INST2|Contador:comb_4|FlipflopT:inst3"                                                                                                                                    ;
+-------+-------+----------+------------------------------------------------------------------------------------------------------------------------------------------------------------------------------------+
; Port  ; Type  ; Severity ; Details                                                                                                                                                                            ;
+-------+-------+----------+------------------------------------------------------------------------------------------------------------------------------------------------------------------------------------+
; T     ; Input ; Warning  ; Input port expression (32 bits) is wider than the input port (1 bits) it drives.  The 31 most-significant bit(s) in the expression will be dangling if they have no other fanouts. ;
; T[-1] ; Input ; Info     ; Stuck at VCC                                                                                                                                                                       ;
+-------+-------+----------+------------------------------------------------------------------------------------------------------------------------------------------------------------------------------------+


+---------------------------------------------------------------------------------------------------------------------------------------------------------------------------------------------------------------+
; Port Connectivity Checks: "Decoders:INST2|Contador:comb_4|FlipflopT:inst2"                                                                                                                                    ;
+-------+-------+----------+------------------------------------------------------------------------------------------------------------------------------------------------------------------------------------+
; Port  ; Type  ; Severity ; Details                                                                                                                                                                            ;
+-------+-------+----------+------------------------------------------------------------------------------------------------------------------------------------------------------------------------------------+
; T     ; Input ; Warning  ; Input port expression (32 bits) is wider than the input port (1 bits) it drives.  The 31 most-significant bit(s) in the expression will be dangling if they have no other fanouts. ;
; T[-1] ; Input ; Info     ; Stuck at VCC                                                                                                                                                                       ;
+-------+-------+----------+------------------------------------------------------------------------------------------------------------------------------------------------------------------------------------+


+---------------------------------------------------------------------------------------------------------------------------------------------------------------------------------------------------------------+
; Port Connectivity Checks: "Decoders:INST2|Contador:comb_4|FlipflopT:inst1"                                                                                                                                    ;
+-------+-------+----------+------------------------------------------------------------------------------------------------------------------------------------------------------------------------------------+
; Port  ; Type  ; Severity ; Details                                                                                                                                                                            ;
+-------+-------+----------+------------------------------------------------------------------------------------------------------------------------------------------------------------------------------------+
; T     ; Input ; Warning  ; Input port expression (32 bits) is wider than the input port (1 bits) it drives.  The 31 most-significant bit(s) in the expression will be dangling if they have no other fanouts. ;
; T[-1] ; Input ; Info     ; Stuck at VCC                                                                                                                                                                       ;
+-------+-------+----------+------------------------------------------------------------------------------------------------------------------------------------------------------------------------------------+


+-------------------------------+
; Analysis & Synthesis Messages ;
+-------------------------------+
Info: *******************************************************************
Info: Running Quartus II Analysis & Synthesis
    Info: Version 9.0 Build 235 06/17/2009 Service Pack 2 SJ Web Edition
    Info: Processing started: Wed Jun 07 18:55:17 2023
Info: Command: quartus_map --read_settings_files=on --write_settings_files=off MainCoffeeMachine -c MainCoffeeMachine
Info: Found 1 design units, including 1 entities, in source file MainCoffeeMachine.v
    Info: Found entity 1: MainCoffeeMachine
Info: Found 1 design units, including 1 entities, in source file MefCoffeeMachine.v
    Info: Found entity 1: MefCoffeeMachine
Info: Found 1 design units, including 1 entities, in source file FFD.v
    Info: Found entity 1: FFD
Info: Found 1 design units, including 1 entities, in source file Decoders.v
    Info: Found entity 1: Decoders
Info: Found 1 design units, including 1 entities, in source file Contador.v
    Info: Found entity 1: Contador
Info: Found 1 design units, including 1 entities, in source file InterfaceS0.v
    Info: Found entity 1: InterfaceS0
Info: Found 1 design units, including 1 entities, in source file InterfaceS1.v
    Info: Found entity 1: InterfaceS1
Info: Found 1 design units, including 1 entities, in source file InterfaceS2.v
    Info: Found entity 1: InterfaceS2
Info: Found 1 design units, including 1 entities, in source file InterfaceS3.v
    Info: Found entity 1: InterfaceS3
Info: Found 1 design units, including 1 entities, in source file InterfaceERDI.v
    Info: Found entity 1: InterfaceERDI
Info: Found 1 design units, including 1 entities, in source file InterfaceESN.v
    Info: Found entity 1: InterfaceESN
Info: Found 1 design units, including 1 entities, in source file InterfaceESP.v
    Info: Found entity 1: InterfaceESP
Info: Found 1 design units, including 1 entities, in source file InterfaceESR.v
    Info: Found entity 1: InterfaceESR
Warning: Entity "Mux" obtained from "C:/Users/usuario/Desktop/Douglas/coffee-machine/protótipo/MainCoffeeMachine/Mux.v" instead of from Quartus II megafunction library
Info: Found 1 design units, including 1 entities, in source file Mux.v
    Info: Found entity 1: Mux
Info: Found 1 design units, including 1 entities, in source file Demux.v
    Info: Found entity 1: Demux
Info: Found 1 design units, including 1 entities, in source file FlipflopT.v
    Info: Found entity 1: FlipflopT
Warning (10236): Verilog HDL Implicit Net warning at MefCoffeeMachine.v(111): created implicit net for "s27"
Warning (10236): Verilog HDL Implicit Net warning at MefCoffeeMachine.v(112): created implicit net for "s28"
Warning (10236): Verilog HDL Implicit Net warning at MefCoffeeMachine.v(113): created implicit net for "s29"
Warning (10236): Verilog HDL Implicit Net warning at MefCoffeeMachine.v(114): created implicit net for "s30"
Warning (10236): Verilog HDL Implicit Net warning at MefCoffeeMachine.v(115): created implicit net for "s31"
Warning (10236): Verilog HDL Implicit Net warning at MefCoffeeMachine.v(116): created implicit net for "s32"
Warning (10236): Verilog HDL Implicit Net warning at MefCoffeeMachine.v(117): created implicit net for "s33"
Warning (10236): Verilog HDL Implicit Net warning at MefCoffeeMachine.v(118): created implicit net for "s34"
Warning (10236): Verilog HDL Implicit Net warning at MefCoffeeMachine.v(120): created implicit net for "s36"
Warning (10236): Verilog HDL Implicit Net warning at MefCoffeeMachine.v(121): created implicit net for "s37"
Warning (10236): Verilog HDL Implicit Net warning at MefCoffeeMachine.v(123): created implicit net for "s39"
Warning (10236): Verilog HDL Implicit Net warning at MefCoffeeMachine.v(124): created implicit net for "s40"
Warning (10236): Verilog HDL Implicit Net warning at MefCoffeeMachine.v(126): created implicit net for "s42"
Warning (10236): Verilog HDL Implicit Net warning at MefCoffeeMachine.v(127): created implicit net for "s43"
Warning (10236): Verilog HDL Implicit Net warning at MefCoffeeMachine.v(128): created implicit net for "s44"
Warning (10236): Verilog HDL Implicit Net warning at MefCoffeeMachine.v(129): created implicit net for "s45"
Warning (10236): Verilog HDL Implicit Net warning at MefCoffeeMachine.v(130): created implicit net for "s46"
Warning (10236): Verilog HDL Implicit Net warning at MefCoffeeMachine.v(131): created implicit net for "s47"
Warning (10236): Verilog HDL Implicit Net warning at MefCoffeeMachine.v(132): created implicit net for "s48"
Warning (10236): Verilog HDL Implicit Net warning at MefCoffeeMachine.v(133): created implicit net for "s49"
Warning (10236): Verilog HDL Implicit Net warning at MefCoffeeMachine.v(134): created implicit net for "s50"
Warning (10236): Verilog HDL Implicit Net warning at MefCoffeeMachine.v(135): created implicit net for "s51"
Warning (10236): Verilog HDL Implicit Net warning at MefCoffeeMachine.v(136): created implicit net for "s52"
Warning (10236): Verilog HDL Implicit Net warning at MefCoffeeMachine.v(137): created implicit net for "s53"
Warning (10236): Verilog HDL Implicit Net warning at MefCoffeeMachine.v(138): created implicit net for "s54"
Warning (10236): Verilog HDL Implicit Net warning at MefCoffeeMachine.v(139): created implicit net for "s55"
Warning (10236): Verilog HDL Implicit Net warning at MefCoffeeMachine.v(140): created implicit net for "s56"
Warning (10236): Verilog HDL Implicit Net warning at Contador.v(7): created implicit net for "Q3"
Critical Warning (10846): Verilog HDL Instantiation warning at Decoders.v(24): instance has no name
Critical Warning (10846): Verilog HDL Instantiation warning at Decoders.v(26): instance has no name
Critical Warning (10846): Verilog HDL Instantiation warning at Decoders.v(27): instance has no name
Critical Warning (10846): Verilog HDL Instantiation warning at Decoders.v(28): instance has no name
Critical Warning (10846): Verilog HDL Instantiation warning at Decoders.v(29): instance has no name
Critical Warning (10846): Verilog HDL Instantiation warning at Decoders.v(30): instance has no name
Critical Warning (10846): Verilog HDL Instantiation warning at Decoders.v(31): instance has no name
Critical Warning (10846): Verilog HDL Instantiation warning at Decoders.v(32): instance has no name
Critical Warning (10846): Verilog HDL Instantiation warning at Decoders.v(33): instance has no name
Info: Elaborating entity "MainCoffeeMachine" for the top level hierarchy
Info: Elaborating entity "MefCoffeeMachine" for hierarchy "MefCoffeeMachine:INST"
Info: Elaborating entity "FFD" for hierarchy "MefCoffeeMachine:INST|FFD:D3"
Info: Elaborating entity "Decoders" for hierarchy "Decoders:INST2"
Warning (10034): Output port "h" at Decoders.v(13) has no driver
Info: Elaborating entity "Contador" for hierarchy "Decoders:INST2|Contador:comb_4"
Info: Elaborating entity "FlipflopT" for hierarchy "Decoders:INST2|Contador:comb_4|FlipflopT:inst1"
Info: Elaborating entity "InterfaceS0" for hierarchy "Decoders:INST2|InterfaceS0:comb_5"
Warning (10739): Verilog HDL warning at InterfaceS0.v(18): actual bit length 32 differs from formal bit length 1
Warning (10739): Verilog HDL warning at InterfaceS0.v(19): actual bit length 32 differs from formal bit length 1
Warning (10739): Verilog HDL warning at InterfaceS0.v(20): actual bit length 32 differs from formal bit length 1
Warning (10739): Verilog HDL warning at InterfaceS0.v(21): actual bit length 32 differs from formal bit length 1
Warning (10739): Verilog HDL warning at InterfaceS0.v(25): actual bit length 32 differs from formal bit length 1
Warning (10739): Verilog HDL warning at InterfaceS0.v(26): actual bit length 32 differs from formal bit length 1
Warning (10739): Verilog HDL warning at InterfaceS0.v(27): actual bit length 32 differs from formal bit length 1
Warning (10739): Verilog HDL warning at InterfaceS0.v(28): actual bit length 32 differs from formal bit length 1
Warning (10739): Verilog HDL warning at InterfaceS0.v(32): actual bit length 32 differs from formal bit length 1
Warning (10739): Verilog HDL warning at InterfaceS0.v(33): actual bit length 32 differs from formal bit length 1
Warning (10739): Verilog HDL warning at InterfaceS0.v(34): actual bit length 32 differs from formal bit length 1
Warning (10739): Verilog HDL warning at InterfaceS0.v(35): actual bit length 32 differs from formal bit length 1
Warning (10739): Verilog HDL warning at InterfaceS0.v(39): actual bit length 32 differs from formal bit length 1
Warning (10739): Verilog HDL warning at InterfaceS0.v(40): actual bit length 32 differs from formal bit length 1
Warning (10739): Verilog HDL warning at InterfaceS0.v(41): actual bit length 32 differs from formal bit length 1
Warning (10739): Verilog HDL warning at InterfaceS0.v(42): actual bit length 32 differs from formal bit length 1
Warning (10739): Verilog HDL warning at InterfaceS0.v(46): actual bit length 32 differs from formal bit length 1
Warning (10739): Verilog HDL warning at InterfaceS0.v(47): actual bit length 32 differs from formal bit length 1
Warning (10739): Verilog HDL warning at InterfaceS0.v(48): actual bit length 32 differs from formal bit length 1
Warning (10739): Verilog HDL warning at InterfaceS0.v(49): actual bit length 32 differs from formal bit length 1
Warning (10739): Verilog HDL warning at InterfaceS0.v(53): actual bit length 32 differs from formal bit length 1
Warning (10739): Verilog HDL warning at InterfaceS0.v(54): actual bit length 32 differs from formal bit length 1
Warning (10739): Verilog HDL warning at InterfaceS0.v(55): actual bit length 32 differs from formal bit length 1
Warning (10739): Verilog HDL warning at InterfaceS0.v(56): actual bit length 32 differs from formal bit length 1
Warning (10739): Verilog HDL warning at InterfaceS0.v(60): actual bit length 32 differs from formal bit length 1
Warning (10739): Verilog HDL warning at InterfaceS0.v(61): actual bit length 32 differs from formal bit length 1
Warning (10739): Verilog HDL warning at InterfaceS0.v(62): actual bit length 32 differs from formal bit length 1
Warning (10739): Verilog HDL warning at InterfaceS0.v(63): actual bit length 32 differs from formal bit length 1
Info: Elaborating entity "InterfaceS1" for hierarchy "Decoders:INST2|InterfaceS1:comb_6"
Warning (10739): Verilog HDL warning at InterfaceS1.v(18): actual bit length 32 differs from formal bit length 1
Warning (10739): Verilog HDL warning at InterfaceS1.v(19): actual bit length 32 differs from formal bit length 1
Warning (10739): Verilog HDL warning at InterfaceS1.v(20): actual bit length 32 differs from formal bit length 1
Warning (10739): Verilog HDL warning at InterfaceS1.v(21): actual bit length 32 differs from formal bit length 1
Warning (10739): Verilog HDL warning at InterfaceS1.v(25): actual bit length 32 differs from formal bit length 1
Warning (10739): Verilog HDL warning at InterfaceS1.v(26): actual bit length 32 differs from formal bit length 1
Warning (10739): Verilog HDL warning at InterfaceS1.v(27): actual bit length 32 differs from formal bit length 1
Warning (10739): Verilog HDL warning at InterfaceS1.v(28): actual bit length 32 differs from formal bit length 1
Warning (10739): Verilog HDL warning at InterfaceS1.v(32): actual bit length 32 differs from formal bit length 1
Warning (10739): Verilog HDL warning at InterfaceS1.v(33): actual bit length 32 differs from formal bit length 1
Warning (10739): Verilog HDL warning at InterfaceS1.v(34): actual bit length 32 differs from formal bit length 1
Warning (10739): Verilog HDL warning at InterfaceS1.v(35): actual bit length 32 differs from formal bit length 1
Warning (10739): Verilog HDL warning at InterfaceS1.v(39): actual bit length 32 differs from formal bit length 1
Warning (10739): Verilog HDL warning at InterfaceS1.v(40): actual bit length 32 differs from formal bit length 1
Warning (10739): Verilog HDL warning at InterfaceS1.v(41): actual bit length 32 differs from formal bit length 1
Warning (10739): Verilog HDL warning at InterfaceS1.v(42): actual bit length 32 differs from formal bit length 1
Warning (10739): Verilog HDL warning at InterfaceS1.v(46): actual bit length 32 differs from formal bit length 1
Warning (10739): Verilog HDL warning at InterfaceS1.v(47): actual bit length 32 differs from formal bit length 1
Warning (10739): Verilog HDL warning at InterfaceS1.v(48): actual bit length 32 differs from formal bit length 1
Warning (10739): Verilog HDL warning at InterfaceS1.v(49): actual bit length 32 differs from formal bit length 1
Warning (10739): Verilog HDL warning at InterfaceS1.v(53): actual bit length 32 differs from formal bit length 1
Warning (10739): Verilog HDL warning at InterfaceS1.v(54): actual bit length 32 differs from formal bit length 1
Warning (10739): Verilog HDL warning at InterfaceS1.v(55): actual bit length 32 differs from formal bit length 1
Warning (10739): Verilog HDL warning at InterfaceS1.v(56): actual bit length 32 differs from formal bit length 1
Warning (10739): Verilog HDL warning at InterfaceS1.v(60): actual bit length 32 differs from formal bit length 1
Warning (10739): Verilog HDL warning at InterfaceS1.v(61): actual bit length 32 differs from formal bit length 1
Warning (10739): Verilog HDL warning at InterfaceS1.v(62): actual bit length 32 differs from formal bit length 1
Warning (10739): Verilog HDL warning at InterfaceS1.v(63): actual bit length 32 differs from formal bit length 1
Info: Elaborating entity "InterfaceS2" for hierarchy "Decoders:INST2|InterfaceS2:comb_7"
Warning (10739): Verilog HDL warning at InterfaceS2.v(18): actual bit length 32 differs from formal bit length 1
Warning (10739): Verilog HDL warning at InterfaceS2.v(19): actual bit length 32 differs from formal bit length 1
Warning (10739): Verilog HDL warning at InterfaceS2.v(20): actual bit length 32 differs from formal bit length 1
Warning (10739): Verilog HDL warning at InterfaceS2.v(21): actual bit length 32 differs from formal bit length 1
Warning (10739): Verilog HDL warning at InterfaceS2.v(25): actual bit length 32 differs from formal bit length 1
Warning (10739): Verilog HDL warning at InterfaceS2.v(26): actual bit length 32 differs from formal bit length 1
Warning (10739): Verilog HDL warning at InterfaceS2.v(27): actual bit length 32 differs from formal bit length 1
Warning (10739): Verilog HDL warning at InterfaceS2.v(28): actual bit length 32 differs from formal bit length 1
Warning (10739): Verilog HDL warning at InterfaceS2.v(32): actual bit length 32 differs from formal bit length 1
Warning (10739): Verilog HDL warning at InterfaceS2.v(33): actual bit length 32 differs from formal bit length 1
Warning (10739): Verilog HDL warning at InterfaceS2.v(34): actual bit length 32 differs from formal bit length 1
Warning (10739): Verilog HDL warning at InterfaceS2.v(35): actual bit length 32 differs from formal bit length 1
Warning (10739): Verilog HDL warning at InterfaceS2.v(39): actual bit length 32 differs from formal bit length 1
Warning (10739): Verilog HDL warning at InterfaceS2.v(40): actual bit length 32 differs from formal bit length 1
Warning (10739): Verilog HDL warning at InterfaceS2.v(41): actual bit length 32 differs from formal bit length 1
Warning (10739): Verilog HDL warning at InterfaceS2.v(42): actual bit length 32 differs from formal bit length 1
Warning (10739): Verilog HDL warning at InterfaceS2.v(46): actual bit length 32 differs from formal bit length 1
Warning (10739): Verilog HDL warning at InterfaceS2.v(47): actual bit length 32 differs from formal bit length 1
Warning (10739): Verilog HDL warning at InterfaceS2.v(48): actual bit length 32 differs from formal bit length 1
Warning (10739): Verilog HDL warning at InterfaceS2.v(49): actual bit length 32 differs from formal bit length 1
Warning (10739): Verilog HDL warning at InterfaceS2.v(53): actual bit length 32 differs from formal bit length 1
Warning (10739): Verilog HDL warning at InterfaceS2.v(54): actual bit length 32 differs from formal bit length 1
Warning (10739): Verilog HDL warning at InterfaceS2.v(55): actual bit length 32 differs from formal bit length 1
Warning (10739): Verilog HDL warning at InterfaceS2.v(56): actual bit length 32 differs from formal bit length 1
Warning (10739): Verilog HDL warning at InterfaceS2.v(60): actual bit length 32 differs from formal bit length 1
Warning (10739): Verilog HDL warning at InterfaceS2.v(61): actual bit length 32 differs from formal bit length 1
Warning (10739): Verilog HDL warning at InterfaceS2.v(62): actual bit length 32 differs from formal bit length 1
Warning (10739): Verilog HDL warning at InterfaceS2.v(63): actual bit length 32 differs from formal bit length 1
Info: Elaborating entity "InterfaceS3" for hierarchy "Decoders:INST2|InterfaceS3:comb_8"
Warning (10739): Verilog HDL warning at InterfaceS3.v(18): actual bit length 32 differs from formal bit length 1
Warning (10739): Verilog HDL warning at InterfaceS3.v(19): actual bit length 32 differs from formal bit length 1
Warning (10739): Verilog HDL warning at InterfaceS3.v(20): actual bit length 32 differs from formal bit length 1
Warning (10739): Verilog HDL warning at InterfaceS3.v(21): actual bit length 32 differs from formal bit length 1
Warning (10739): Verilog HDL warning at InterfaceS3.v(25): actual bit length 32 differs from formal bit length 1
Warning (10739): Verilog HDL warning at InterfaceS3.v(26): actual bit length 32 differs from formal bit length 1
Warning (10739): Verilog HDL warning at InterfaceS3.v(27): actual bit length 32 differs from formal bit length 1
Warning (10739): Verilog HDL warning at InterfaceS3.v(28): actual bit length 32 differs from formal bit length 1
Warning (10739): Verilog HDL warning at InterfaceS3.v(32): actual bit length 32 differs from formal bit length 1
Warning (10739): Verilog HDL warning at InterfaceS3.v(33): actual bit length 32 differs from formal bit length 1
Warning (10739): Verilog HDL warning at InterfaceS3.v(34): actual bit length 32 differs from formal bit length 1
Warning (10739): Verilog HDL warning at InterfaceS3.v(35): actual bit length 32 differs from formal bit length 1
Warning (10739): Verilog HDL warning at InterfaceS3.v(39): actual bit length 32 differs from formal bit length 1
Warning (10739): Verilog HDL warning at InterfaceS3.v(40): actual bit length 32 differs from formal bit length 1
Warning (10739): Verilog HDL warning at InterfaceS3.v(41): actual bit length 32 differs from formal bit length 1
Warning (10739): Verilog HDL warning at InterfaceS3.v(42): actual bit length 32 differs from formal bit length 1
Warning (10739): Verilog HDL warning at InterfaceS3.v(46): actual bit length 32 differs from formal bit length 1
Warning (10739): Verilog HDL warning at InterfaceS3.v(47): actual bit length 32 differs from formal bit length 1
Warning (10739): Verilog HDL warning at InterfaceS3.v(48): actual bit length 32 differs from formal bit length 1
Warning (10739): Verilog HDL warning at InterfaceS3.v(49): actual bit length 32 differs from formal bit length 1
Warning (10739): Verilog HDL warning at InterfaceS3.v(53): actual bit length 32 differs from formal bit length 1
Warning (10739): Verilog HDL warning at InterfaceS3.v(54): actual bit length 32 differs from formal bit length 1
Warning (10739): Verilog HDL warning at InterfaceS3.v(55): actual bit length 32 differs from formal bit length 1
Warning (10739): Verilog HDL warning at InterfaceS3.v(56): actual bit length 32 differs from formal bit length 1
Warning (10739): Verilog HDL warning at InterfaceS3.v(60): actual bit length 32 differs from formal bit length 1
Warning (10739): Verilog HDL warning at InterfaceS3.v(61): actual bit length 32 differs from formal bit length 1
Warning (10739): Verilog HDL warning at InterfaceS3.v(62): actual bit length 32 differs from formal bit length 1
Warning (10739): Verilog HDL warning at InterfaceS3.v(63): actual bit length 32 differs from formal bit length 1
Info: Elaborating entity "InterfaceESR" for hierarchy "Decoders:INST2|InterfaceESR:comb_9"
Warning (10739): Verilog HDL warning at InterfaceESR.v(18): actual bit length 32 differs from formal bit length 1
Warning (10739): Verilog HDL warning at InterfaceESR.v(19): actual bit length 32 differs from formal bit length 1
Warning (10739): Verilog HDL warning at InterfaceESR.v(20): actual bit length 32 differs from formal bit length 1
Warning (10739): Verilog HDL warning at InterfaceESR.v(21): actual bit length 32 differs from formal bit length 1
Warning (10739): Verilog HDL warning at InterfaceESR.v(25): actual bit length 32 differs from formal bit length 1
Warning (10739): Verilog HDL warning at InterfaceESR.v(26): actual bit length 32 differs from formal bit length 1
Warning (10739): Verilog HDL warning at InterfaceESR.v(27): actual bit length 32 differs from formal bit length 1
Warning (10739): Verilog HDL warning at InterfaceESR.v(28): actual bit length 32 differs from formal bit length 1
Warning (10739): Verilog HDL warning at InterfaceESR.v(32): actual bit length 32 differs from formal bit length 1
Warning (10739): Verilog HDL warning at InterfaceESR.v(33): actual bit length 32 differs from formal bit length 1
Warning (10739): Verilog HDL warning at InterfaceESR.v(34): actual bit length 32 differs from formal bit length 1
Warning (10739): Verilog HDL warning at InterfaceESR.v(35): actual bit length 32 differs from formal bit length 1
Warning (10739): Verilog HDL warning at InterfaceESR.v(39): actual bit length 32 differs from formal bit length 1
Warning (10739): Verilog HDL warning at InterfaceESR.v(40): actual bit length 32 differs from formal bit length 1
Warning (10739): Verilog HDL warning at InterfaceESR.v(41): actual bit length 32 differs from formal bit length 1
Warning (10739): Verilog HDL warning at InterfaceESR.v(42): actual bit length 32 differs from formal bit length 1
Warning (10739): Verilog HDL warning at InterfaceESR.v(46): actual bit length 32 differs from formal bit length 1
Warning (10739): Verilog HDL warning at InterfaceESR.v(47): actual bit length 32 differs from formal bit length 1
Warning (10739): Verilog HDL warning at InterfaceESR.v(48): actual bit length 32 differs from formal bit length 1
Warning (10739): Verilog HDL warning at InterfaceESR.v(49): actual bit length 32 differs from formal bit length 1
Warning (10739): Verilog HDL warning at InterfaceESR.v(53): actual bit length 32 differs from formal bit length 1
Warning (10739): Verilog HDL warning at InterfaceESR.v(54): actual bit length 32 differs from formal bit length 1
Warning (10739): Verilog HDL warning at InterfaceESR.v(55): actual bit length 32 differs from formal bit length 1
Warning (10739): Verilog HDL warning at InterfaceESR.v(56): actual bit length 32 differs from formal bit length 1
Warning (10739): Verilog HDL warning at InterfaceESR.v(60): actual bit length 32 differs from formal bit length 1
Warning (10739): Verilog HDL warning at InterfaceESR.v(61): actual bit length 32 differs from formal bit length 1
Warning (10739): Verilog HDL warning at InterfaceESR.v(62): actual bit length 32 differs from formal bit length 1
Warning (10739): Verilog HDL warning at InterfaceESR.v(63): actual bit length 32 differs from formal bit length 1
Info: Elaborating entity "InterfaceESP" for hierarchy "Decoders:INST2|InterfaceESP:comb_10"
Warning (10739): Verilog HDL warning at InterfaceESP.v(18): actual bit length 32 differs from formal bit length 1
Warning (10739): Verilog HDL warning at InterfaceESP.v(19): actual bit length 32 differs from formal bit length 1
Warning (10739): Verilog HDL warning at InterfaceESP.v(20): actual bit length 32 differs from formal bit length 1
Warning (10739): Verilog HDL warning at InterfaceESP.v(21): actual bit length 32 differs from formal bit length 1
Warning (10739): Verilog HDL warning at InterfaceESP.v(25): actual bit length 32 differs from formal bit length 1
Warning (10739): Verilog HDL warning at InterfaceESP.v(26): actual bit length 32 differs from formal bit length 1
Warning (10739): Verilog HDL warning at InterfaceESP.v(27): actual bit length 32 differs from formal bit length 1
Warning (10739): Verilog HDL warning at InterfaceESP.v(28): actual bit length 32 differs from formal bit length 1
Warning (10739): Verilog HDL warning at InterfaceESP.v(32): actual bit length 32 differs from formal bit length 1
Warning (10739): Verilog HDL warning at InterfaceESP.v(33): actual bit length 32 differs from formal bit length 1
Warning (10739): Verilog HDL warning at InterfaceESP.v(34): actual bit length 32 differs from formal bit length 1
Warning (10739): Verilog HDL warning at InterfaceESP.v(35): actual bit length 32 differs from formal bit length 1
Warning (10739): Verilog HDL warning at InterfaceESP.v(39): actual bit length 32 differs from formal bit length 1
Warning (10739): Verilog HDL warning at InterfaceESP.v(40): actual bit length 32 differs from formal bit length 1
Warning (10739): Verilog HDL warning at InterfaceESP.v(41): actual bit length 32 differs from formal bit length 1
Warning (10739): Verilog HDL warning at InterfaceESP.v(42): actual bit length 32 differs from formal bit length 1
Warning (10739): Verilog HDL warning at InterfaceESP.v(46): actual bit length 32 differs from formal bit length 1
Warning (10739): Verilog HDL warning at InterfaceESP.v(47): actual bit length 32 differs from formal bit length 1
Warning (10739): Verilog HDL warning at InterfaceESP.v(48): actual bit length 32 differs from formal bit length 1
Warning (10739): Verilog HDL warning at InterfaceESP.v(49): actual bit length 32 differs from formal bit length 1
Warning (10739): Verilog HDL warning at InterfaceESP.v(53): actual bit length 32 differs from formal bit length 1
Warning (10739): Verilog HDL warning at InterfaceESP.v(54): actual bit length 32 differs from formal bit length 1
Warning (10739): Verilog HDL warning at InterfaceESP.v(55): actual bit length 32 differs from formal bit length 1
Warning (10739): Verilog HDL warning at InterfaceESP.v(56): actual bit length 32 differs from formal bit length 1
Warning (10739): Verilog HDL warning at InterfaceESP.v(60): actual bit length 32 differs from formal bit length 1
Warning (10739): Verilog HDL warning at InterfaceESP.v(61): actual bit length 32 differs from formal bit length 1
Warning (10739): Verilog HDL warning at InterfaceESP.v(62): actual bit length 32 differs from formal bit length 1
Warning (10739): Verilog HDL warning at InterfaceESP.v(63): actual bit length 32 differs from formal bit length 1
Info: Elaborating entity "InterfaceESN" for hierarchy "Decoders:INST2|InterfaceESN:comb_11"
Warning (10739): Verilog HDL warning at InterfaceESN.v(18): actual bit length 32 differs from formal bit length 1
Warning (10739): Verilog HDL warning at InterfaceESN.v(19): actual bit length 32 differs from formal bit length 1
Warning (10739): Verilog HDL warning at InterfaceESN.v(20): actual bit length 32 differs from formal bit length 1
Warning (10739): Verilog HDL warning at InterfaceESN.v(21): actual bit length 32 differs from formal bit length 1
Warning (10739): Verilog HDL warning at InterfaceESN.v(25): actual bit length 32 differs from formal bit length 1
Warning (10739): Verilog HDL warning at InterfaceESN.v(26): actual bit length 32 differs from formal bit length 1
Warning (10739): Verilog HDL warning at InterfaceESN.v(27): actual bit length 32 differs from formal bit length 1
Warning (10739): Verilog HDL warning at InterfaceESN.v(28): actual bit length 32 differs from formal bit length 1
Warning (10739): Verilog HDL warning at InterfaceESN.v(32): actual bit length 32 differs from formal bit length 1
Warning (10739): Verilog HDL warning at InterfaceESN.v(33): actual bit length 32 differs from formal bit length 1
Warning (10739): Verilog HDL warning at InterfaceESN.v(34): actual bit length 32 differs from formal bit length 1
Warning (10739): Verilog HDL warning at InterfaceESN.v(35): actual bit length 32 differs from formal bit length 1
Warning (10739): Verilog HDL warning at InterfaceESN.v(39): actual bit length 32 differs from formal bit length 1
Warning (10739): Verilog HDL warning at InterfaceESN.v(40): actual bit length 32 differs from formal bit length 1
Warning (10739): Verilog HDL warning at InterfaceESN.v(41): actual bit length 32 differs from formal bit length 1
Warning (10739): Verilog HDL warning at InterfaceESN.v(42): actual bit length 32 differs from formal bit length 1
Warning (10739): Verilog HDL warning at InterfaceESN.v(46): actual bit length 32 differs from formal bit length 1
Warning (10739): Verilog HDL warning at InterfaceESN.v(47): actual bit length 32 differs from formal bit length 1
Warning (10739): Verilog HDL warning at InterfaceESN.v(48): actual bit length 32 differs from formal bit length 1
Warning (10739): Verilog HDL warning at InterfaceESN.v(49): actual bit length 32 differs from formal bit length 1
Warning (10739): Verilog HDL warning at InterfaceESN.v(53): actual bit length 32 differs from formal bit length 1
Warning (10739): Verilog HDL warning at InterfaceESN.v(54): actual bit length 32 differs from formal bit length 1
Warning (10739): Verilog HDL warning at InterfaceESN.v(55): actual bit length 32 differs from formal bit length 1
Warning (10739): Verilog HDL warning at InterfaceESN.v(56): actual bit length 32 differs from formal bit length 1
Warning (10739): Verilog HDL warning at InterfaceESN.v(60): actual bit length 32 differs from formal bit length 1
Warning (10739): Verilog HDL warning at InterfaceESN.v(61): actual bit length 32 differs from formal bit length 1
Warning (10739): Verilog HDL warning at InterfaceESN.v(62): actual bit length 32 differs from formal bit length 1
Warning (10739): Verilog HDL warning at InterfaceESN.v(63): actual bit length 32 differs from formal bit length 1
Info: Elaborating entity "InterfaceERDI" for hierarchy "Decoders:INST2|InterfaceERDI:comb_12"
Warning (10739): Verilog HDL warning at InterfaceERDI.v(17): actual bit length 32 differs from formal bit length 1
Warning (10739): Verilog HDL warning at InterfaceERDI.v(18): actual bit length 32 differs from formal bit length 1
Warning (10739): Verilog HDL warning at InterfaceERDI.v(19): actual bit length 32 differs from formal bit length 1
Warning (10739): Verilog HDL warning at InterfaceERDI.v(20): actual bit length 32 differs from formal bit length 1
Warning (10739): Verilog HDL warning at InterfaceERDI.v(24): actual bit length 32 differs from formal bit length 1
Warning (10739): Verilog HDL warning at InterfaceERDI.v(25): actual bit length 32 differs from formal bit length 1
Warning (10739): Verilog HDL warning at InterfaceERDI.v(26): actual bit length 32 differs from formal bit length 1
Warning (10739): Verilog HDL warning at InterfaceERDI.v(27): actual bit length 32 differs from formal bit length 1
Warning (10739): Verilog HDL warning at InterfaceERDI.v(31): actual bit length 32 differs from formal bit length 1
Warning (10739): Verilog HDL warning at InterfaceERDI.v(32): actual bit length 32 differs from formal bit length 1
Warning (10739): Verilog HDL warning at InterfaceERDI.v(33): actual bit length 32 differs from formal bit length 1
Warning (10739): Verilog HDL warning at InterfaceERDI.v(34): actual bit length 32 differs from formal bit length 1
Warning (10739): Verilog HDL warning at InterfaceERDI.v(38): actual bit length 32 differs from formal bit length 1
Warning (10739): Verilog HDL warning at InterfaceERDI.v(39): actual bit length 32 differs from formal bit length 1
Warning (10739): Verilog HDL warning at InterfaceERDI.v(40): actual bit length 32 differs from formal bit length 1
Warning (10739): Verilog HDL warning at InterfaceERDI.v(41): actual bit length 32 differs from formal bit length 1
Warning (10739): Verilog HDL warning at InterfaceERDI.v(45): actual bit length 32 differs from formal bit length 1
Warning (10739): Verilog HDL warning at InterfaceERDI.v(46): actual bit length 32 differs from formal bit length 1
Warning (10739): Verilog HDL warning at InterfaceERDI.v(47): actual bit length 32 differs from formal bit length 1
Warning (10739): Verilog HDL warning at InterfaceERDI.v(48): actual bit length 32 differs from formal bit length 1
Warning (10739): Verilog HDL warning at InterfaceERDI.v(52): actual bit length 32 differs from formal bit length 1
Warning (10739): Verilog HDL warning at InterfaceERDI.v(53): actual bit length 32 differs from formal bit length 1
Warning (10739): Verilog HDL warning at InterfaceERDI.v(54): actual bit length 32 differs from formal bit length 1
Warning (10739): Verilog HDL warning at InterfaceERDI.v(55): actual bit length 32 differs from formal bit length 1
Warning (10739): Verilog HDL warning at InterfaceERDI.v(59): actual bit length 32 differs from formal bit length 1
Warning (10739): Verilog HDL warning at InterfaceERDI.v(60): actual bit length 32 differs from formal bit length 1
Warning (10739): Verilog HDL warning at InterfaceERDI.v(61): actual bit length 32 differs from formal bit length 1
Warning (10739): Verilog HDL warning at InterfaceERDI.v(62): actual bit length 32 differs from formal bit length 1
Warning: 3 hierarchies have connectivity warnings - see the Connectivity Checks report folder
Warning: Output pins are stuck at VCC or GND
    Warning (13410): Pin "a" is stuck at VCC
    Warning (13410): Pin "d" is stuck at VCC
    Warning (13410): Pin "e" is stuck at VCC
    Warning (13410): Pin "f" is stuck at VCC
    Warning (13410): Pin "g" is stuck at VCC
    Warning (13410): Pin "h" is stuck at GND
Info: 1 registers lost all their fanouts during netlist optimizations. The first 1 are displayed below.
    Info: Register "Decoders:INST2|Contador:comb_4|FlipflopT:inst3|Q" lost all its fanouts during netlist optimizations.
Info: Implemented 83 device resources after synthesis - the final resource count might be different
    Info: Implemented 8 input pins
    Info: Implemented 20 output pins
    Info: Implemented 55 logic cells
Info: Generated suppressed messages file C:/Users/usuario/Desktop/Douglas/coffee-machine/protótipo/MainCoffeeMachine/output_files/MainCoffeeMachine.map.smsg
Info: Quartus II Analysis & Synthesis was successful. 0 errors, 271 warnings
    Info: Peak virtual memory: 225 megabytes
    Info: Processing ended: Wed Jun 07 18:55:18 2023
    Info: Elapsed time: 00:00:01
    Info: Total CPU time (on all processors): 00:00:01


+------------------------------------------+
; Analysis & Synthesis Suppressed Messages ;
+------------------------------------------+
The suppressed messages can be found in C:/Users/usuario/Desktop/Douglas/coffee-machine/protótipo/MainCoffeeMachine/output_files/MainCoffeeMachine.map.smsg.


