Classic Timing Analyzer report for MainCoffeeMachine
Wed Jun 07 20:23:40 2023
Quartus II Version 9.0 Build 235 06/17/2009 Service Pack 2 SJ Web Edition


---------------------
; Table of Contents ;
---------------------
  1. Legal Notice
  2. Timing Analyzer Summary
  3. Timing Analyzer Settings
  4. Clock Settings Summary
  5. Parallel Compilation
  6. Clock Setup: 'CLK'
  7. tsu
  8. tco
  9. tpd
 10. th
 11. Timing Analyzer Messages



----------------
; Legal Notice ;
----------------
Copyright (C) 1991-2009 Altera Corporation
Your use of Altera Corporation's design tools, logic functions 
and other software and tools, and its AMPP partner logic 
functions, and any output files from any of the foregoing 
(including device programming or simulation files), and any 
associated documentation or information are expressly subject 
to the terms and conditions of the Altera Program License 
Subscription Agreement, Altera MegaCore Function License 
Agreement, or other applicable license agreement, including, 
without limitation, that your use is for the sole purpose of 
programming logic devices manufactured by Altera and sold by 
Altera or its authorized distributors.  Please refer to the 
applicable agreement for further details.



+--------------------------------------------------------------------------------------------------------------------------------------------------------------------------------------------------+
; Timing Analyzer Summary                                                                                                                                                                          ;
+------------------------------+-------+---------------+----------------------------------+--------------------------------+--------------------------------+------------+----------+--------------+
; Type                         ; Slack ; Required Time ; Actual Time                      ; From                           ; To                             ; From Clock ; To Clock ; Failed Paths ;
+------------------------------+-------+---------------+----------------------------------+--------------------------------+--------------------------------+------------+----------+--------------+
; Worst-case tsu               ; N/A   ; None          ; 6.499 ns                         ; B1                             ; MefCoffeeMachine:INST|FFD:D1|Q ; --         ; CLK      ; 0            ;
; Worst-case tco               ; N/A   ; None          ; 22.533 ns                        ; MefCoffeeMachine:INST|FFD:D2|Q ; f                              ; CLK        ; --       ; 0            ;
; Worst-case tpd               ; N/A   ; None          ; 21.205 ns                        ; SR                             ; f                              ; --         ; --       ; 0            ;
; Worst-case th                ; N/A   ; None          ; -2.299 ns                        ; A                              ; MefCoffeeMachine:INST|FFD:D2|Q ; --         ; CLK      ; 0            ;
; Clock Setup: 'CLK'           ; N/A   ; None          ; 154.44 MHz ( period = 6.475 ns ) ; MefCoffeeMachine:INST|FFD:D2|Q ; MefCoffeeMachine:INST|FFD:D3|Q ; CLK        ; CLK      ; 0            ;
; Total number of failed paths ;       ;               ;                                  ;                                ;                                ;            ;          ; 0            ;
+------------------------------+-------+---------------+----------------------------------+--------------------------------+--------------------------------+------------+----------+--------------+


+--------------------------------------------------------------------------------------------------------------------+
; Timing Analyzer Settings                                                                                           ;
+---------------------------------------------------------------------+--------------------+------+----+-------------+
; Option                                                              ; Setting            ; From ; To ; Entity Name ;
+---------------------------------------------------------------------+--------------------+------+----+-------------+
; Device Name                                                         ; EPM240T100C5       ;      ;    ;             ;
; Timing Models                                                       ; Final              ;      ;    ;             ;
; Default hold multicycle                                             ; Same as Multicycle ;      ;    ;             ;
; Cut paths between unrelated clock domains                           ; On                 ;      ;    ;             ;
; Cut off read during write signal paths                              ; On                 ;      ;    ;             ;
; Cut off feedback from I/O pins                                      ; On                 ;      ;    ;             ;
; Report Combined Fast/Slow Timing                                    ; Off                ;      ;    ;             ;
; Ignore Clock Settings                                               ; Off                ;      ;    ;             ;
; Analyze latches as synchronous elements                             ; On                 ;      ;    ;             ;
; Enable Recovery/Removal analysis                                    ; Off                ;      ;    ;             ;
; Enable Clock Latency                                                ; Off                ;      ;    ;             ;
; Use TimeQuest Timing Analyzer                                       ; Off                ;      ;    ;             ;
; Minimum Core Junction Temperature                                   ; 0                  ;      ;    ;             ;
; Maximum Core Junction Temperature                                   ; 85                 ;      ;    ;             ;
; Number of source nodes to report per destination node               ; 10                 ;      ;    ;             ;
; Number of destination nodes to report                               ; 10                 ;      ;    ;             ;
; Number of paths to report                                           ; 200                ;      ;    ;             ;
; Report Minimum Timing Checks                                        ; Off                ;      ;    ;             ;
; Use Fast Timing Models                                              ; Off                ;      ;    ;             ;
; Report IO Paths Separately                                          ; Off                ;      ;    ;             ;
; Perform Multicorner Analysis                                        ; Off                ;      ;    ;             ;
; Reports the worst-case path for each clock domain and analysis      ; Off                ;      ;    ;             ;
; Removes common clock path pessimism (CCPP) during slack computation ; Off                ;      ;    ;             ;
; Output I/O Timing Endpoint                                          ; Near End           ;      ;    ;             ;
+---------------------------------------------------------------------+--------------------+------+----+-------------+


+------------------------------------------------------------------------------------------------------------------------------------------------------------------------------------+
; Clock Settings Summary                                                                                                                                                             ;
+-----------------+--------------------+----------+------------------+---------------+--------------+----------+-----------------------+---------------------+--------+--------------+
; Clock Node Name ; Clock Setting Name ; Type     ; Fmax Requirement ; Early Latency ; Late Latency ; Based on ; Multiply Base Fmax by ; Divide Base Fmax by ; Offset ; Phase offset ;
+-----------------+--------------------+----------+------------------+---------------+--------------+----------+-----------------------+---------------------+--------+--------------+
; CLK             ;                    ; User Pin ; None             ; 0.000 ns      ; 0.000 ns     ; --       ; N/A                   ; N/A                 ; N/A    ;              ;
+-----------------+--------------------+----------+------------------+---------------+--------------+----------+-----------------------+---------------------+--------+--------------+


Parallel compilation was disabled, but you have multiple processors available. Enable parallel compilation to reduce compilation time.
+-------------------------------------+
; Parallel Compilation                ;
+----------------------------+--------+
; Processors                 ; Number ;
+----------------------------+--------+
; Number detected on machine ; 4      ;
; Maximum allowed            ; 1      ;
+----------------------------+--------+


+--------------------------------------------------------------------------------------------------------------------------------------------------------------------------------------------------------------------------------------------------------------------------+
; Clock Setup: 'CLK'                                                                                                                                                                                                                                                       ;
+-------+------------------------------------------------+--------------------------------------------------+--------------------------------------------------+------------+----------+-----------------------------+---------------------------+-------------------------+
; Slack ; Actual fmax (period)                           ; From                                             ; To                                               ; From Clock ; To Clock ; Required Setup Relationship ; Required Longest P2P Time ; Actual Longest P2P Time ;
+-------+------------------------------------------------+--------------------------------------------------+--------------------------------------------------+------------+----------+-----------------------------+---------------------------+-------------------------+
; N/A   ; 154.44 MHz ( period = 6.475 ns )               ; MefCoffeeMachine:INST|FFD:D2|Q                   ; MefCoffeeMachine:INST|FFD:D3|Q                   ; CLK        ; CLK      ; None                        ; None                      ; 5.766 ns                ;
; N/A   ; 156.45 MHz ( period = 6.392 ns )               ; MefCoffeeMachine:INST|FFD:D1|Q                   ; MefCoffeeMachine:INST|FFD:D0|Q                   ; CLK        ; CLK      ; None                        ; None                      ; 5.683 ns                ;
; N/A   ; 159.31 MHz ( period = 6.277 ns )               ; MefCoffeeMachine:INST|FFD:D0|Q                   ; MefCoffeeMachine:INST|FFD:D1|Q                   ; CLK        ; CLK      ; None                        ; None                      ; 5.568 ns                ;
; N/A   ; 169.75 MHz ( period = 5.891 ns )               ; MefCoffeeMachine:INST|FFD:D1|Q                   ; MefCoffeeMachine:INST|FFD:D1|Q                   ; CLK        ; CLK      ; None                        ; None                      ; 5.182 ns                ;
; N/A   ; 172.80 MHz ( period = 5.787 ns )               ; MefCoffeeMachine:INST|FFD:D0|Q                   ; MefCoffeeMachine:INST|FFD:D0|Q                   ; CLK        ; CLK      ; None                        ; None                      ; 5.078 ns                ;
; N/A   ; 172.83 MHz ( period = 5.786 ns )               ; MefCoffeeMachine:INST|FFD:D2|Q                   ; MefCoffeeMachine:INST|FFD:D2|Q                   ; CLK        ; CLK      ; None                        ; None                      ; 5.077 ns                ;
; N/A   ; 180.67 MHz ( period = 5.535 ns )               ; MefCoffeeMachine:INST|FFD:D3|Q                   ; MefCoffeeMachine:INST|FFD:D1|Q                   ; CLK        ; CLK      ; None                        ; None                      ; 4.826 ns                ;
; N/A   ; 181.49 MHz ( period = 5.510 ns )               ; MefCoffeeMachine:INST|FFD:D1|Q                   ; MefCoffeeMachine:INST|FFD:D3|Q                   ; CLK        ; CLK      ; None                        ; None                      ; 4.801 ns                ;
; N/A   ; 184.98 MHz ( period = 5.406 ns )               ; MefCoffeeMachine:INST|FFD:D0|Q                   ; MefCoffeeMachine:INST|FFD:D2|Q                   ; CLK        ; CLK      ; None                        ; None                      ; 4.697 ns                ;
; N/A   ; 186.88 MHz ( period = 5.351 ns )               ; MefCoffeeMachine:INST|FFD:D3|Q                   ; MefCoffeeMachine:INST|FFD:D0|Q                   ; CLK        ; CLK      ; None                        ; None                      ; 4.642 ns                ;
; N/A   ; 187.79 MHz ( period = 5.325 ns )               ; MefCoffeeMachine:INST|FFD:D0|Q                   ; MefCoffeeMachine:INST|FFD:D3|Q                   ; CLK        ; CLK      ; None                        ; None                      ; 4.616 ns                ;
; N/A   ; 199.36 MHz ( period = 5.016 ns )               ; MefCoffeeMachine:INST|FFD:D3|Q                   ; MefCoffeeMachine:INST|FFD:D3|Q                   ; CLK        ; CLK      ; None                        ; None                      ; 4.307 ns                ;
; N/A   ; 203.67 MHz ( period = 4.910 ns )               ; MefCoffeeMachine:INST|FFD:D2|Q                   ; MefCoffeeMachine:INST|FFD:D1|Q                   ; CLK        ; CLK      ; None                        ; None                      ; 4.201 ns                ;
; N/A   ; 216.45 MHz ( period = 4.620 ns )               ; MefCoffeeMachine:INST|FFD:D1|Q                   ; MefCoffeeMachine:INST|FFD:D2|Q                   ; CLK        ; CLK      ; None                        ; None                      ; 3.911 ns                ;
; N/A   ; 223.76 MHz ( period = 4.469 ns )               ; MefCoffeeMachine:INST|FFD:D3|Q                   ; MefCoffeeMachine:INST|FFD:D2|Q                   ; CLK        ; CLK      ; None                        ; None                      ; 3.760 ns                ;
; N/A   ; 296.91 MHz ( period = 3.368 ns )               ; MefCoffeeMachine:INST|FFD:D2|Q                   ; MefCoffeeMachine:INST|FFD:D0|Q                   ; CLK        ; CLK      ; None                        ; None                      ; 2.659 ns                ;
; N/A   ; Restricted to 304.04 MHz ( period = 3.289 ns ) ; Decoders:INST2|Contador:comb_4|FlipflopT:inst2|Q ; Decoders:INST2|Contador:comb_4|FlipflopT:inst2|Q ; CLK        ; CLK      ; None                        ; None                      ; 1.532 ns                ;
; N/A   ; Restricted to 304.04 MHz ( period = 3.289 ns ) ; Decoders:INST2|Contador:comb_4|FlipflopT:inst1|Q ; Decoders:INST2|Contador:comb_4|FlipflopT:inst1|Q ; CLK        ; CLK      ; None                        ; None                      ; 1.503 ns                ;
+-------+------------------------------------------------+--------------------------------------------------+--------------------------------------------------+------------+----------+-----------------------------+---------------------------+-------------------------+


+--------------------------------------------------------------------------------------+
; tsu                                                                                  ;
+-------+--------------+------------+------+--------------------------------+----------+
; Slack ; Required tsu ; Actual tsu ; From ; To                             ; To Clock ;
+-------+--------------+------------+------+--------------------------------+----------+
; N/A   ; None         ; 6.499 ns   ; B1   ; MefCoffeeMachine:INST|FFD:D1|Q ; CLK      ;
; N/A   ; None         ; 6.488 ns   ; SR   ; MefCoffeeMachine:INST|FFD:D1|Q ; CLK      ;
; N/A   ; None         ; 6.265 ns   ; SN   ; MefCoffeeMachine:INST|FFD:D1|Q ; CLK      ;
; N/A   ; None         ; 6.196 ns   ; B0   ; MefCoffeeMachine:INST|FFD:D1|Q ; CLK      ;
; N/A   ; None         ; 6.145 ns   ; B1   ; MefCoffeeMachine:INST|FFD:D2|Q ; CLK      ;
; N/A   ; None         ; 6.089 ns   ; V1   ; MefCoffeeMachine:INST|FFD:D1|Q ; CLK      ;
; N/A   ; None         ; 5.923 ns   ; SP   ; MefCoffeeMachine:INST|FFD:D1|Q ; CLK      ;
; N/A   ; None         ; 5.860 ns   ; V0   ; MefCoffeeMachine:INST|FFD:D1|Q ; CLK      ;
; N/A   ; None         ; 5.842 ns   ; B0   ; MefCoffeeMachine:INST|FFD:D2|Q ; CLK      ;
; N/A   ; None         ; 5.779 ns   ; B1   ; MefCoffeeMachine:INST|FFD:D0|Q ; CLK      ;
; N/A   ; None         ; 5.758 ns   ; SR   ; MefCoffeeMachine:INST|FFD:D0|Q ; CLK      ;
; N/A   ; None         ; 5.735 ns   ; V1   ; MefCoffeeMachine:INST|FFD:D2|Q ; CLK      ;
; N/A   ; None         ; 5.690 ns   ; B1   ; MefCoffeeMachine:INST|FFD:D3|Q ; CLK      ;
; N/A   ; None         ; 5.535 ns   ; SN   ; MefCoffeeMachine:INST|FFD:D0|Q ; CLK      ;
; N/A   ; None         ; 5.506 ns   ; V0   ; MefCoffeeMachine:INST|FFD:D2|Q ; CLK      ;
; N/A   ; None         ; 5.476 ns   ; B0   ; MefCoffeeMachine:INST|FFD:D0|Q ; CLK      ;
; N/A   ; None         ; 5.387 ns   ; B0   ; MefCoffeeMachine:INST|FFD:D3|Q ; CLK      ;
; N/A   ; None         ; 5.369 ns   ; V1   ; MefCoffeeMachine:INST|FFD:D0|Q ; CLK      ;
; N/A   ; None         ; 5.280 ns   ; V1   ; MefCoffeeMachine:INST|FFD:D3|Q ; CLK      ;
; N/A   ; None         ; 5.193 ns   ; SP   ; MefCoffeeMachine:INST|FFD:D0|Q ; CLK      ;
; N/A   ; None         ; 5.147 ns   ; SR   ; MefCoffeeMachine:INST|FFD:D3|Q ; CLK      ;
; N/A   ; None         ; 5.140 ns   ; V0   ; MefCoffeeMachine:INST|FFD:D0|Q ; CLK      ;
; N/A   ; None         ; 5.051 ns   ; V0   ; MefCoffeeMachine:INST|FFD:D3|Q ; CLK      ;
; N/A   ; None         ; 5.030 ns   ; SP   ; MefCoffeeMachine:INST|FFD:D3|Q ; CLK      ;
; N/A   ; None         ; 5.025 ns   ; A    ; MefCoffeeMachine:INST|FFD:D1|Q ; CLK      ;
; N/A   ; None         ; 4.933 ns   ; SN   ; MefCoffeeMachine:INST|FFD:D3|Q ; CLK      ;
; N/A   ; None         ; 4.458 ns   ; SR   ; MefCoffeeMachine:INST|FFD:D2|Q ; CLK      ;
; N/A   ; None         ; 4.341 ns   ; SP   ; MefCoffeeMachine:INST|FFD:D2|Q ; CLK      ;
; N/A   ; None         ; 4.244 ns   ; SN   ; MefCoffeeMachine:INST|FFD:D2|Q ; CLK      ;
; N/A   ; None         ; 4.216 ns   ; A    ; MefCoffeeMachine:INST|FFD:D3|Q ; CLK      ;
; N/A   ; None         ; 3.829 ns   ; A    ; MefCoffeeMachine:INST|FFD:D0|Q ; CLK      ;
; N/A   ; None         ; 2.853 ns   ; A    ; MefCoffeeMachine:INST|FFD:D2|Q ; CLK      ;
+-------+--------------+------------+------+--------------------------------+----------+


+----------------------------------------------------------------------------------------------------------+
; tco                                                                                                      ;
+-------+--------------+------------+--------------------------------------------------+------+------------+
; Slack ; Required tco ; Actual tco ; From                                             ; To   ; From Clock ;
+-------+--------------+------------+--------------------------------------------------+------+------------+
; N/A   ; None         ; 22.533 ns  ; MefCoffeeMachine:INST|FFD:D2|Q                   ; f    ; CLK        ;
; N/A   ; None         ; 22.423 ns  ; MefCoffeeMachine:INST|FFD:D2|Q                   ; b    ; CLK        ;
; N/A   ; None         ; 21.675 ns  ; MefCoffeeMachine:INST|FFD:D2|Q                   ; e    ; CLK        ;
; N/A   ; None         ; 21.576 ns  ; MefCoffeeMachine:INST|FFD:D2|Q                   ; g    ; CLK        ;
; N/A   ; None         ; 21.451 ns  ; MefCoffeeMachine:INST|FFD:D0|Q                   ; f    ; CLK        ;
; N/A   ; None         ; 21.449 ns  ; MefCoffeeMachine:INST|FFD:D2|Q                   ; a    ; CLK        ;
; N/A   ; None         ; 21.341 ns  ; MefCoffeeMachine:INST|FFD:D0|Q                   ; b    ; CLK        ;
; N/A   ; None         ; 21.253 ns  ; MefCoffeeMachine:INST|FFD:D2|Q                   ; d    ; CLK        ;
; N/A   ; None         ; 20.802 ns  ; MefCoffeeMachine:INST|FFD:D1|Q                   ; f    ; CLK        ;
; N/A   ; None         ; 20.724 ns  ; MefCoffeeMachine:INST|FFD:D2|Q                   ; c    ; CLK        ;
; N/A   ; None         ; 20.681 ns  ; MefCoffeeMachine:INST|FFD:D1|Q                   ; b    ; CLK        ;
; N/A   ; None         ; 20.593 ns  ; MefCoffeeMachine:INST|FFD:D0|Q                   ; e    ; CLK        ;
; N/A   ; None         ; 20.514 ns  ; MefCoffeeMachine:INST|FFD:D3|Q                   ; f    ; CLK        ;
; N/A   ; None         ; 20.494 ns  ; MefCoffeeMachine:INST|FFD:D0|Q                   ; g    ; CLK        ;
; N/A   ; None         ; 20.404 ns  ; MefCoffeeMachine:INST|FFD:D3|Q                   ; b    ; CLK        ;
; N/A   ; None         ; 20.367 ns  ; MefCoffeeMachine:INST|FFD:D0|Q                   ; a    ; CLK        ;
; N/A   ; None         ; 20.171 ns  ; MefCoffeeMachine:INST|FFD:D0|Q                   ; d    ; CLK        ;
; N/A   ; None         ; 19.834 ns  ; MefCoffeeMachine:INST|FFD:D1|Q                   ; g    ; CLK        ;
; N/A   ; None         ; 19.807 ns  ; MefCoffeeMachine:INST|FFD:D1|Q                   ; e    ; CLK        ;
; N/A   ; None         ; 19.718 ns  ; MefCoffeeMachine:INST|FFD:D1|Q                   ; a    ; CLK        ;
; N/A   ; None         ; 19.656 ns  ; MefCoffeeMachine:INST|FFD:D3|Q                   ; e    ; CLK        ;
; N/A   ; None         ; 19.642 ns  ; MefCoffeeMachine:INST|FFD:D0|Q                   ; c    ; CLK        ;
; N/A   ; None         ; 19.557 ns  ; MefCoffeeMachine:INST|FFD:D3|Q                   ; g    ; CLK        ;
; N/A   ; None         ; 19.511 ns  ; MefCoffeeMachine:INST|FFD:D1|Q                   ; d    ; CLK        ;
; N/A   ; None         ; 19.430 ns  ; MefCoffeeMachine:INST|FFD:D3|Q                   ; a    ; CLK        ;
; N/A   ; None         ; 19.234 ns  ; MefCoffeeMachine:INST|FFD:D3|Q                   ; d    ; CLK        ;
; N/A   ; None         ; 18.856 ns  ; MefCoffeeMachine:INST|FFD:D1|Q                   ; c    ; CLK        ;
; N/A   ; None         ; 18.705 ns  ; MefCoffeeMachine:INST|FFD:D3|Q                   ; c    ; CLK        ;
; N/A   ; None         ; 17.489 ns  ; Decoders:INST2|Contador:comb_4|FlipflopT:inst2|Q ; a    ; CLK        ;
; N/A   ; None         ; 17.275 ns  ; Decoders:INST2|Contador:comb_4|FlipflopT:inst2|Q ; c    ; CLK        ;
; N/A   ; None         ; 17.212 ns  ; Decoders:INST2|Contador:comb_4|FlipflopT:inst2|Q ; g    ; CLK        ;
; N/A   ; None         ; 16.805 ns  ; Decoders:INST2|Contador:comb_4|FlipflopT:inst2|Q ; f    ; CLK        ;
; N/A   ; None         ; 16.443 ns  ; MefCoffeeMachine:INST|FFD:D2|Q                   ; h    ; CLK        ;
; N/A   ; None         ; 16.272 ns  ; Decoders:INST2|Contador:comb_4|FlipflopT:inst2|Q ; b    ; CLK        ;
; N/A   ; None         ; 16.075 ns  ; Decoders:INST2|Contador:comb_4|FlipflopT:inst2|Q ; d    ; CLK        ;
; N/A   ; None         ; 15.979 ns  ; Decoders:INST2|Contador:comb_4|FlipflopT:inst2|Q ; e    ; CLK        ;
; N/A   ; None         ; 15.744 ns  ; Decoders:INST2|Contador:comb_4|FlipflopT:inst1|Q ; b    ; CLK        ;
; N/A   ; None         ; 15.464 ns  ; MefCoffeeMachine:INST|FFD:D3|Q                   ; h    ; CLK        ;
; N/A   ; None         ; 15.433 ns  ; Decoders:INST2|Contador:comb_4|FlipflopT:inst1|Q ; g    ; CLK        ;
; N/A   ; None         ; 15.026 ns  ; Decoders:INST2|Contador:comb_4|FlipflopT:inst1|Q ; f    ; CLK        ;
; N/A   ; None         ; 14.854 ns  ; Decoders:INST2|Contador:comb_4|FlipflopT:inst1|Q ; a    ; CLK        ;
; N/A   ; None         ; 14.808 ns  ; MefCoffeeMachine:INST|FFD:D1|Q                   ; h    ; CLK        ;
; N/A   ; None         ; 14.200 ns  ; Decoders:INST2|Contador:comb_4|FlipflopT:inst1|Q ; e    ; CLK        ;
; N/A   ; None         ; 14.181 ns  ; MefCoffeeMachine:INST|FFD:D0|Q                   ; h    ; CLK        ;
; N/A   ; None         ; 13.977 ns  ; Decoders:INST2|Contador:comb_4|FlipflopT:inst1|Q ; d    ; CLK        ;
; N/A   ; None         ; 13.976 ns  ; MefCoffeeMachine:INST|FFD:D1|Q                   ; P    ; CLK        ;
; N/A   ; None         ; 13.821 ns  ; MefCoffeeMachine:INST|FFD:D1|Q                   ; AQ   ; CLK        ;
; N/A   ; None         ; 13.764 ns  ; Decoders:INST2|Contador:comb_4|FlipflopT:inst2|Q ; dig1 ; CLK        ;
; N/A   ; None         ; 13.585 ns  ; Decoders:INST2|Contador:comb_4|FlipflopT:inst2|Q ; dig2 ; CLK        ;
; N/A   ; None         ; 13.529 ns  ; MefCoffeeMachine:INST|FFD:D3|Q                   ; P    ; CLK        ;
; N/A   ; None         ; 13.113 ns  ; Decoders:INST2|Contador:comb_4|FlipflopT:inst2|Q ; dig4 ; CLK        ;
; N/A   ; None         ; 13.071 ns  ; MefCoffeeMachine:INST|FFD:D1|Q                   ; PP   ; CLK        ;
; N/A   ; None         ; 13.012 ns  ; MefCoffeeMachine:INST|FFD:D3|Q                   ; AQ   ; CLK        ;
; N/A   ; None         ; 12.313 ns  ; MefCoffeeMachine:INST|FFD:D0|Q                   ; P    ; CLK        ;
; N/A   ; None         ; 12.263 ns  ; MefCoffeeMachine:INST|FFD:D3|Q                   ; PP   ; CLK        ;
; N/A   ; None         ; 11.980 ns  ; Decoders:INST2|Contador:comb_4|FlipflopT:inst1|Q ; dig1 ; CLK        ;
; N/A   ; None         ; 11.935 ns  ; Decoders:INST2|Contador:comb_4|FlipflopT:inst2|Q ; dig3 ; CLK        ;
; N/A   ; None         ; 11.895 ns  ; MefCoffeeMachine:INST|FFD:D2|Q                   ; P    ; CLK        ;
; N/A   ; None         ; 11.806 ns  ; Decoders:INST2|Contador:comb_4|FlipflopT:inst1|Q ; dig2 ; CLK        ;
; N/A   ; None         ; 11.588 ns  ; Decoders:INST2|Contador:comb_4|FlipflopT:inst1|Q ; c    ; CLK        ;
; N/A   ; None         ; 11.472 ns  ; MefCoffeeMachine:INST|FFD:D0|Q                   ; AQ   ; CLK        ;
; N/A   ; None         ; 11.334 ns  ; Decoders:INST2|Contador:comb_4|FlipflopT:inst1|Q ; dig4 ; CLK        ;
; N/A   ; None         ; 11.242 ns  ; MefCoffeeMachine:INST|FFD:D2|Q                   ; AQ   ; CLK        ;
; N/A   ; None         ; 10.723 ns  ; MefCoffeeMachine:INST|FFD:D0|Q                   ; PP   ; CLK        ;
; N/A   ; None         ; 10.617 ns  ; Decoders:INST2|Contador:comb_4|FlipflopT:inst1|Q ; dig3 ; CLK        ;
; N/A   ; None         ; 10.493 ns  ; MefCoffeeMachine:INST|FFD:D2|Q                   ; PP   ; CLK        ;
+-------+--------------+------------+--------------------------------------------------+------+------------+


+---------------------------------------------------------+
; tpd                                                     ;
+-------+-------------------+-----------------+------+----+
; Slack ; Required P2P Time ; Actual P2P Time ; From ; To ;
+-------+-------------------+-----------------+------+----+
; N/A   ; None              ; 21.205 ns       ; SR   ; f  ;
; N/A   ; None              ; 21.095 ns       ; SR   ; b  ;
; N/A   ; None              ; 21.088 ns       ; SP   ; f  ;
; N/A   ; None              ; 20.991 ns       ; SN   ; f  ;
; N/A   ; None              ; 20.978 ns       ; SP   ; b  ;
; N/A   ; None              ; 20.881 ns       ; SN   ; b  ;
; N/A   ; None              ; 20.859 ns       ; B1   ; f  ;
; N/A   ; None              ; 20.749 ns       ; B1   ; b  ;
; N/A   ; None              ; 20.556 ns       ; B0   ; f  ;
; N/A   ; None              ; 20.449 ns       ; V1   ; f  ;
; N/A   ; None              ; 20.446 ns       ; B0   ; b  ;
; N/A   ; None              ; 20.347 ns       ; SR   ; e  ;
; N/A   ; None              ; 20.339 ns       ; V1   ; b  ;
; N/A   ; None              ; 20.248 ns       ; SR   ; g  ;
; N/A   ; None              ; 20.230 ns       ; SP   ; e  ;
; N/A   ; None              ; 20.220 ns       ; V0   ; f  ;
; N/A   ; None              ; 20.133 ns       ; SN   ; e  ;
; N/A   ; None              ; 20.131 ns       ; SP   ; g  ;
; N/A   ; None              ; 20.121 ns       ; SR   ; a  ;
; N/A   ; None              ; 20.110 ns       ; V0   ; b  ;
; N/A   ; None              ; 20.034 ns       ; SN   ; g  ;
; N/A   ; None              ; 20.004 ns       ; SP   ; a  ;
; N/A   ; None              ; 20.001 ns       ; B1   ; e  ;
; N/A   ; None              ; 19.925 ns       ; SR   ; d  ;
; N/A   ; None              ; 19.907 ns       ; SN   ; a  ;
; N/A   ; None              ; 19.902 ns       ; B1   ; g  ;
; N/A   ; None              ; 19.832 ns       ; A    ; f  ;
; N/A   ; None              ; 19.808 ns       ; SP   ; d  ;
; N/A   ; None              ; 19.775 ns       ; B1   ; a  ;
; N/A   ; None              ; 19.711 ns       ; SN   ; d  ;
; N/A   ; None              ; 19.711 ns       ; A    ; b  ;
; N/A   ; None              ; 19.698 ns       ; B0   ; e  ;
; N/A   ; None              ; 19.599 ns       ; B0   ; g  ;
; N/A   ; None              ; 19.591 ns       ; V1   ; e  ;
; N/A   ; None              ; 19.579 ns       ; B1   ; d  ;
; N/A   ; None              ; 19.492 ns       ; V1   ; g  ;
; N/A   ; None              ; 19.472 ns       ; B0   ; a  ;
; N/A   ; None              ; 19.396 ns       ; SR   ; c  ;
; N/A   ; None              ; 19.365 ns       ; V1   ; a  ;
; N/A   ; None              ; 19.362 ns       ; V0   ; e  ;
; N/A   ; None              ; 19.279 ns       ; SP   ; c  ;
; N/A   ; None              ; 19.276 ns       ; B0   ; d  ;
; N/A   ; None              ; 19.263 ns       ; V0   ; g  ;
; N/A   ; None              ; 19.182 ns       ; SN   ; c  ;
; N/A   ; None              ; 19.169 ns       ; V1   ; d  ;
; N/A   ; None              ; 19.136 ns       ; V0   ; a  ;
; N/A   ; None              ; 19.050 ns       ; B1   ; c  ;
; N/A   ; None              ; 18.940 ns       ; V0   ; d  ;
; N/A   ; None              ; 18.864 ns       ; A    ; g  ;
; N/A   ; None              ; 18.827 ns       ; A    ; e  ;
; N/A   ; None              ; 18.748 ns       ; A    ; a  ;
; N/A   ; None              ; 18.747 ns       ; B0   ; c  ;
; N/A   ; None              ; 18.640 ns       ; V1   ; c  ;
; N/A   ; None              ; 18.629 ns       ; A    ; d  ;
; N/A   ; None              ; 18.411 ns       ; V0   ; c  ;
; N/A   ; None              ; 17.846 ns       ; A    ; c  ;
; N/A   ; None              ; 13.723 ns       ; B1   ; h  ;
; N/A   ; None              ; 13.420 ns       ; B0   ; h  ;
; N/A   ; None              ; 13.313 ns       ; V1   ; h  ;
; N/A   ; None              ; 13.295 ns       ; A    ; h  ;
; N/A   ; None              ; 13.084 ns       ; V0   ; h  ;
; N/A   ; None              ; 12.792 ns       ; SR   ; AQ ;
; N/A   ; None              ; 12.771 ns       ; SR   ; P  ;
; N/A   ; None              ; 12.706 ns       ; SR   ; h  ;
; N/A   ; None              ; 12.569 ns       ; SN   ; AQ ;
; N/A   ; None              ; 12.548 ns       ; SN   ; P  ;
; N/A   ; None              ; 12.313 ns       ; SN   ; h  ;
; N/A   ; None              ; 12.227 ns       ; SP   ; AQ ;
; N/A   ; None              ; 12.206 ns       ; SP   ; P  ;
; N/A   ; None              ; 12.045 ns       ; SR   ; PP ;
; N/A   ; None              ; 11.822 ns       ; SN   ; PP ;
; N/A   ; None              ; 11.798 ns       ; SP   ; h  ;
; N/A   ; None              ; 11.480 ns       ; SP   ; PP ;
+-------+-------------------+-----------------+------+----+


+--------------------------------------------------------------------------------------------+
; th                                                                                         ;
+---------------+-------------+-----------+------+--------------------------------+----------+
; Minimum Slack ; Required th ; Actual th ; From ; To                             ; To Clock ;
+---------------+-------------+-----------+------+--------------------------------+----------+
; N/A           ; None        ; -2.299 ns ; A    ; MefCoffeeMachine:INST|FFD:D2|Q ; CLK      ;
; N/A           ; None        ; -2.398 ns ; V0   ; MefCoffeeMachine:INST|FFD:D2|Q ; CLK      ;
; N/A           ; None        ; -2.627 ns ; V1   ; MefCoffeeMachine:INST|FFD:D2|Q ; CLK      ;
; N/A           ; None        ; -2.734 ns ; B0   ; MefCoffeeMachine:INST|FFD:D2|Q ; CLK      ;
; N/A           ; None        ; -2.814 ns ; SR   ; MefCoffeeMachine:INST|FFD:D1|Q ; CLK      ;
; N/A           ; None        ; -3.037 ns ; B1   ; MefCoffeeMachine:INST|FFD:D2|Q ; CLK      ;
; N/A           ; None        ; -3.173 ns ; B1   ; MefCoffeeMachine:INST|FFD:D1|Q ; CLK      ;
; N/A           ; None        ; -3.275 ns ; A    ; MefCoffeeMachine:INST|FFD:D0|Q ; CLK      ;
; N/A           ; None        ; -3.285 ns ; SR   ; MefCoffeeMachine:INST|FFD:D0|Q ; CLK      ;
; N/A           ; None        ; -3.345 ns ; B1   ; MefCoffeeMachine:INST|FFD:D0|Q ; CLK      ;
; N/A           ; None        ; -3.544 ns ; SN   ; MefCoffeeMachine:INST|FFD:D0|Q ; CLK      ;
; N/A           ; None        ; -3.662 ns ; A    ; MefCoffeeMachine:INST|FFD:D3|Q ; CLK      ;
; N/A           ; None        ; -3.690 ns ; SN   ; MefCoffeeMachine:INST|FFD:D2|Q ; CLK      ;
; N/A           ; None        ; -3.757 ns ; B0   ; MefCoffeeMachine:INST|FFD:D1|Q ; CLK      ;
; N/A           ; None        ; -3.787 ns ; SP   ; MefCoffeeMachine:INST|FFD:D2|Q ; CLK      ;
; N/A           ; None        ; -3.904 ns ; SR   ; MefCoffeeMachine:INST|FFD:D2|Q ; CLK      ;
; N/A           ; None        ; -3.957 ns ; B0   ; MefCoffeeMachine:INST|FFD:D3|Q ; CLK      ;
; N/A           ; None        ; -4.018 ns ; B1   ; MefCoffeeMachine:INST|FFD:D3|Q ; CLK      ;
; N/A           ; None        ; -4.379 ns ; SN   ; MefCoffeeMachine:INST|FFD:D3|Q ; CLK      ;
; N/A           ; None        ; -4.397 ns ; SP   ; MefCoffeeMachine:INST|FFD:D0|Q ; CLK      ;
; N/A           ; None        ; -4.471 ns ; A    ; MefCoffeeMachine:INST|FFD:D1|Q ; CLK      ;
; N/A           ; None        ; -4.476 ns ; SP   ; MefCoffeeMachine:INST|FFD:D3|Q ; CLK      ;
; N/A           ; None        ; -4.497 ns ; V0   ; MefCoffeeMachine:INST|FFD:D3|Q ; CLK      ;
; N/A           ; None        ; -4.586 ns ; V0   ; MefCoffeeMachine:INST|FFD:D0|Q ; CLK      ;
; N/A           ; None        ; -4.593 ns ; SR   ; MefCoffeeMachine:INST|FFD:D3|Q ; CLK      ;
; N/A           ; None        ; -4.726 ns ; V1   ; MefCoffeeMachine:INST|FFD:D3|Q ; CLK      ;
; N/A           ; None        ; -4.815 ns ; V1   ; MefCoffeeMachine:INST|FFD:D0|Q ; CLK      ;
; N/A           ; None        ; -4.865 ns ; SN   ; MefCoffeeMachine:INST|FFD:D1|Q ; CLK      ;
; N/A           ; None        ; -4.903 ns ; SP   ; MefCoffeeMachine:INST|FFD:D1|Q ; CLK      ;
; N/A           ; None        ; -4.922 ns ; B0   ; MefCoffeeMachine:INST|FFD:D0|Q ; CLK      ;
; N/A           ; None        ; -5.306 ns ; V0   ; MefCoffeeMachine:INST|FFD:D1|Q ; CLK      ;
; N/A           ; None        ; -5.535 ns ; V1   ; MefCoffeeMachine:INST|FFD:D1|Q ; CLK      ;
+---------------+-------------+-----------+------+--------------------------------+----------+


+--------------------------+
; Timing Analyzer Messages ;
+--------------------------+
Info: *******************************************************************
Info: Running Quartus II Classic Timing Analyzer
    Info: Version 9.0 Build 235 06/17/2009 Service Pack 2 SJ Web Edition
    Info: Processing started: Wed Jun 07 20:23:40 2023
Info: Command: quartus_tan --read_settings_files=off --write_settings_files=off MainCoffeeMachine -c MainCoffeeMachine
Info: Started post-fitting delay annotation
Info: Delay annotation completed successfully
Warning: Found pins functioning as undefined clocks and/or memory enables
    Info: Assuming node "CLK" is an undefined clock
Warning: Found 1 node(s) in clock paths which may be acting as ripple and/or gated clocks -- node(s) analyzed as buffer(s) resulting in clock skew
    Info: Detected ripple clock "Decoders:INST2|Contador:comb_4|FlipflopT:inst1|Q" as buffer
Info: Clock "CLK" has Internal fmax of 154.44 MHz between source register "MefCoffeeMachine:INST|FFD:D2|Q" and destination register "MefCoffeeMachine:INST|FFD:D3|Q" (period= 6.475 ns)
    Info: + Longest register to register delay is 5.766 ns
        Info: 1: + IC(0.000 ns) + CELL(0.000 ns) = 0.000 ns; Loc. = LC_X5_Y3_N5; Fanout = 11; REG Node = 'MefCoffeeMachine:INST|FFD:D2|Q'
        Info: 2: + IC(2.105 ns) + CELL(0.200 ns) = 2.305 ns; Loc. = LC_X5_Y3_N2; Fanout = 3; COMB Node = 'MefCoffeeMachine:INST|w7~0'
        Info: 3: + IC(2.278 ns) + CELL(1.183 ns) = 5.766 ns; Loc. = LC_X5_Y3_N7; Fanout = 14; REG Node = 'MefCoffeeMachine:INST|FFD:D3|Q'
        Info: Total cell delay = 1.383 ns ( 23.99 % )
        Info: Total interconnect delay = 4.383 ns ( 76.01 % )
    Info: - Smallest clock skew is 0.000 ns
        Info: + Shortest clock path from clock "CLK" to destination register is 3.348 ns
            Info: 1: + IC(0.000 ns) + CELL(1.163 ns) = 1.163 ns; Loc. = PIN_14; Fanout = 5; CLK Node = 'CLK'
            Info: 2: + IC(1.267 ns) + CELL(0.918 ns) = 3.348 ns; Loc. = LC_X5_Y3_N7; Fanout = 14; REG Node = 'MefCoffeeMachine:INST|FFD:D3|Q'
            Info: Total cell delay = 2.081 ns ( 62.16 % )
            Info: Total interconnect delay = 1.267 ns ( 37.84 % )
        Info: - Longest clock path from clock "CLK" to source register is 3.348 ns
            Info: 1: + IC(0.000 ns) + CELL(1.163 ns) = 1.163 ns; Loc. = PIN_14; Fanout = 5; CLK Node = 'CLK'
            Info: 2: + IC(1.267 ns) + CELL(0.918 ns) = 3.348 ns; Loc. = LC_X5_Y3_N5; Fanout = 11; REG Node = 'MefCoffeeMachine:INST|FFD:D2|Q'
            Info: Total cell delay = 2.081 ns ( 62.16 % )
            Info: Total interconnect delay = 1.267 ns ( 37.84 % )
    Info: + Micro clock to output delay of source is 0.376 ns
    Info: + Micro setup delay of destination is 0.333 ns
Info: tsu for register "MefCoffeeMachine:INST|FFD:D1|Q" (data pin = "B1", clock pin = "CLK") is 6.499 ns
    Info: + Longest pin to register delay is 9.514 ns
        Info: 1: + IC(0.000 ns) + CELL(1.132 ns) = 1.132 ns; Loc. = PIN_21; Fanout = 7; PIN Node = 'B1'
        Info: 2: + IC(2.841 ns) + CELL(0.511 ns) = 4.484 ns; Loc. = LC_X4_Y3_N6; Fanout = 17; COMB Node = 'WideOr0~0'
        Info: 3: + IC(0.785 ns) + CELL(0.511 ns) = 5.780 ns; Loc. = LC_X4_Y3_N0; Fanout = 2; COMB Node = 'MefCoffeeMachine:INST|WideAnd8~0'
        Info: 4: + IC(0.733 ns) + CELL(0.740 ns) = 7.253 ns; Loc. = LC_X4_Y3_N9; Fanout = 1; COMB Node = 'MefCoffeeMachine:INST|WideOr1'
        Info: 5: + IC(0.747 ns) + CELL(0.200 ns) = 8.200 ns; Loc. = LC_X4_Y3_N8; Fanout = 1; COMB Node = 'MefCoffeeMachine:INST|WideOr2~2'
        Info: 6: + IC(0.723 ns) + CELL(0.591 ns) = 9.514 ns; Loc. = LC_X4_Y3_N1; Fanout = 19; REG Node = 'MefCoffeeMachine:INST|FFD:D1|Q'
        Info: Total cell delay = 3.685 ns ( 38.73 % )
        Info: Total interconnect delay = 5.829 ns ( 61.27 % )
    Info: + Micro setup delay of destination is 0.333 ns
    Info: - Shortest clock path from clock "CLK" to destination register is 3.348 ns
        Info: 1: + IC(0.000 ns) + CELL(1.163 ns) = 1.163 ns; Loc. = PIN_14; Fanout = 5; CLK Node = 'CLK'
        Info: 2: + IC(1.267 ns) + CELL(0.918 ns) = 3.348 ns; Loc. = LC_X4_Y3_N1; Fanout = 19; REG Node = 'MefCoffeeMachine:INST|FFD:D1|Q'
        Info: Total cell delay = 2.081 ns ( 62.16 % )
        Info: Total interconnect delay = 1.267 ns ( 37.84 % )
Info: tco from clock "CLK" to destination pin "f" through register "MefCoffeeMachine:INST|FFD:D2|Q" is 22.533 ns
    Info: + Longest clock path from clock "CLK" to source register is 3.348 ns
        Info: 1: + IC(0.000 ns) + CELL(1.163 ns) = 1.163 ns; Loc. = PIN_14; Fanout = 5; CLK Node = 'CLK'
        Info: 2: + IC(1.267 ns) + CELL(0.918 ns) = 3.348 ns; Loc. = LC_X5_Y3_N5; Fanout = 11; REG Node = 'MefCoffeeMachine:INST|FFD:D2|Q'
        Info: Total cell delay = 2.081 ns ( 62.16 % )
        Info: Total interconnect delay = 1.267 ns ( 37.84 % )
    Info: + Micro clock to output delay of source is 0.376 ns
    Info: + Longest register to pin delay is 18.809 ns
        Info: 1: + IC(0.000 ns) + CELL(0.000 ns) = 0.000 ns; Loc. = LC_X5_Y3_N5; Fanout = 11; REG Node = 'MefCoffeeMachine:INST|FFD:D2|Q'
        Info: 2: + IC(2.105 ns) + CELL(0.200 ns) = 2.305 ns; Loc. = LC_X5_Y3_N2; Fanout = 3; COMB Node = 'MefCoffeeMachine:INST|w7~0'
        Info: 3: + IC(1.247 ns) + CELL(0.511 ns) = 4.063 ns; Loc. = LC_X4_Y3_N4; Fanout = 2; COMB Node = 'MefCoffeeMachine:INST|WideAnd27~1'
        Info: 4: + IC(0.534 ns) + CELL(0.200 ns) = 4.797 ns; Loc. = LC_X4_Y3_N5; Fanout = 2; COMB Node = 'MefCoffeeMachine:INST|WideAnd27~2'
        Info: 5: + IC(1.817 ns) + CELL(0.200 ns) = 6.814 ns; Loc. = LC_X4_Y1_N7; Fanout = 5; COMB Node = 'MefCoffeeMachine:INST|WideAnd23~1'
        Info: 6: + IC(1.983 ns) + CELL(0.511 ns) = 9.308 ns; Loc. = LC_X3_Y3_N5; Fanout = 3; COMB Node = 'Decoders:INST2|InterfaceESN:comb_11|WideAnd0~0'
        Info: 7: + IC(1.948 ns) + CELL(0.200 ns) = 11.456 ns; Loc. = LC_X4_Y2_N0; Fanout = 2; COMB Node = 'Decoders:INST2|InterfaceESP:comb_10|WideAnd0'
        Info: 8: + IC(1.757 ns) + CELL(0.200 ns) = 13.413 ns; Loc. = LC_X4_Y2_N5; Fanout = 1; COMB Node = 'Decoders:INST2|WideOr5~3'
        Info: 9: + IC(0.776 ns) + CELL(0.511 ns) = 14.700 ns; Loc. = LC_X4_Y2_N7; Fanout = 1; COMB Node = 'Decoders:INST2|WideOr5~5'
        Info: 10: + IC(1.787 ns) + CELL(2.322 ns) = 18.809 ns; Loc. = PIN_17; Fanout = 0; PIN Node = 'f'
        Info: Total cell delay = 4.855 ns ( 25.81 % )
        Info: Total interconnect delay = 13.954 ns ( 74.19 % )
Info: Longest tpd from source pin "SR" to destination pin "f" is 21.205 ns
    Info: 1: + IC(0.000 ns) + CELL(1.132 ns) = 1.132 ns; Loc. = PIN_27; Fanout = 10; PIN Node = 'SR'
    Info: 2: + IC(2.829 ns) + CELL(0.740 ns) = 4.701 ns; Loc. = LC_X5_Y3_N2; Fanout = 3; COMB Node = 'MefCoffeeMachine:INST|w7~0'
    Info: 3: + IC(1.247 ns) + CELL(0.511 ns) = 6.459 ns; Loc. = LC_X4_Y3_N4; Fanout = 2; COMB Node = 'MefCoffeeMachine:INST|WideAnd27~1'
    Info: 4: + IC(0.534 ns) + CELL(0.200 ns) = 7.193 ns; Loc. = LC_X4_Y3_N5; Fanout = 2; COMB Node = 'MefCoffeeMachine:INST|WideAnd27~2'
    Info: 5: + IC(1.817 ns) + CELL(0.200 ns) = 9.210 ns; Loc. = LC_X4_Y1_N7; Fanout = 5; COMB Node = 'MefCoffeeMachine:INST|WideAnd23~1'
    Info: 6: + IC(1.983 ns) + CELL(0.511 ns) = 11.704 ns; Loc. = LC_X3_Y3_N5; Fanout = 3; COMB Node = 'Decoders:INST2|InterfaceESN:comb_11|WideAnd0~0'
    Info: 7: + IC(1.948 ns) + CELL(0.200 ns) = 13.852 ns; Loc. = LC_X4_Y2_N0; Fanout = 2; COMB Node = 'Decoders:INST2|InterfaceESP:comb_10|WideAnd0'
    Info: 8: + IC(1.757 ns) + CELL(0.200 ns) = 15.809 ns; Loc. = LC_X4_Y2_N5; Fanout = 1; COMB Node = 'Decoders:INST2|WideOr5~3'
    Info: 9: + IC(0.776 ns) + CELL(0.511 ns) = 17.096 ns; Loc. = LC_X4_Y2_N7; Fanout = 1; COMB Node = 'Decoders:INST2|WideOr5~5'
    Info: 10: + IC(1.787 ns) + CELL(2.322 ns) = 21.205 ns; Loc. = PIN_17; Fanout = 0; PIN Node = 'f'
    Info: Total cell delay = 6.527 ns ( 30.78 % )
    Info: Total interconnect delay = 14.678 ns ( 69.22 % )
Info: th for register "MefCoffeeMachine:INST|FFD:D2|Q" (data pin = "A", clock pin = "CLK") is -2.299 ns
    Info: + Longest clock path from clock "CLK" to destination register is 3.348 ns
        Info: 1: + IC(0.000 ns) + CELL(1.163 ns) = 1.163 ns; Loc. = PIN_14; Fanout = 5; CLK Node = 'CLK'
        Info: 2: + IC(1.267 ns) + CELL(0.918 ns) = 3.348 ns; Loc. = LC_X5_Y3_N5; Fanout = 11; REG Node = 'MefCoffeeMachine:INST|FFD:D2|Q'
        Info: Total cell delay = 2.081 ns ( 62.16 % )
        Info: Total interconnect delay = 1.267 ns ( 37.84 % )
    Info: + Micro hold delay of destination is 0.221 ns
    Info: - Shortest pin to register delay is 5.868 ns
        Info: 1: + IC(0.000 ns) + CELL(1.132 ns) = 1.132 ns; Loc. = PIN_41; Fanout = 6; PIN Node = 'A'
        Info: 2: + IC(2.910 ns) + CELL(0.511 ns) = 4.553 ns; Loc. = LC_X5_Y3_N3; Fanout = 1; COMB Node = 'MefCoffeeMachine:INST|WideAnd5~1'
        Info: 3: + IC(0.724 ns) + CELL(0.591 ns) = 5.868 ns; Loc. = LC_X5_Y3_N5; Fanout = 11; REG Node = 'MefCoffeeMachine:INST|FFD:D2|Q'
        Info: Total cell delay = 2.234 ns ( 38.07 % )
        Info: Total interconnect delay = 3.634 ns ( 61.93 % )
Info: Quartus II Classic Timing Analyzer was successful. 0 errors, 2 warnings
    Info: Peak virtual memory: 176 megabytes
    Info: Processing ended: Wed Jun 07 20:23:40 2023
    Info: Elapsed time: 00:00:00
    Info: Total CPU time (on all processors): 00:00:00


